[23:48:20] proxy-thruster rep 1: starting (load 17.50 17.80 14.50)
[23:48:29] proxy-thruster rep 1: up c=1 5972.9 rps p50 0.151 p99 0.376 cpu ms/req {'thrust': 0.0981, 'campfire': 0.0626, 'docker-proxy': 0.0188, 'loadgen': 0.0163} statuses {'200': 29865} err 0
[23:48:34] proxy-thruster rep 1: up c=16 15353.0 rps p50 0.942 p99 2.899 cpu ms/req {'thrust': 0.1183, 'campfire': 0.0668, 'docker-proxy': 0.0219, 'loadgen': 0.0165} statuses {'200': 76781} err 0
[23:48:39] proxy-thruster rep 1: up c=64 9190.4 rps p50 5.847 p99 23.503 cpu ms/req {'thrust': 0.2006, 'campfire': 0.0871, 'docker-proxy': 0.0372, 'loadgen': 0.0267} statuses {'200': 46019} err 0
[23:48:45] proxy-thruster rep 1: room_show c=1 101.4 rps p50 9.623 p99 13.975 cpu ms/req {'thrust': 0.7283, 'campfire': 8.3661, 'docker-proxy': 0.1575, 'loadgen': 0.2306} statuses {'200': 508} err 0
[23:48:50] proxy-thruster rep 1: room_show c=16 544.8 rps p50 28.623 p99 50.879 cpu ms/req {'thrust': 0.475, 'campfire': 6.2696, 'docker-proxy': 0.0877, 'loadgen': 0.1079} statuses {'200': 2737} err 0
[23:48:55] proxy-thruster rep 1: room_show c=64 742.6 rps p50 83.839 p99 150.399 cpu ms/req {'thrust': 0.2629, 'campfire': 4.9336, 'docker-proxy': 0.0558, 'loadgen': 0.0612} statuses {'200': 3766} err 0
[23:49:01] proxy-thruster rep 1: room_show_identity c=1 391.6 rps p50 2.387 p99 4.579 cpu ms/req {'thrust': 0.6687, 'campfire': 2.0776, 'docker-proxy': 0.0868, 'loadgen': 0.1303} statuses {'200': 1959} err 0
[23:49:06] proxy-thruster rep 1: room_show_identity c=16 813.5 rps p50 18.463 p99 42.751 cpu ms/req {'thrust': 1.125, 'campfire': 2.9142, 'docker-proxy': 0.1642, 'loadgen': 0.2324} statuses {'200': 4080} err 0
[23:49:11] proxy-thruster rep 1: room_show_identity c=64 757.9 rps p50 76.607 p99 191.359 cpu ms/req {'thrust': 1.1674, 'campfire': 3.1105, 'docker-proxy': 0.1724, 'loadgen': 0.2484} statuses {'200': 3829} err 0
[23:49:17] proxy-thruster rep 1: messages_page c=1 214.9 rps p50 4.407 p99 7.075 cpu ms/req {'thrust': 0.3907, 'campfire': 4.2605, 'docker-proxy': 0.0558, 'loadgen': 0.095} statuses {'200': 1075} err 0
[23:49:22] proxy-thruster rep 1: messages_page c=16 768.5 rps p50 20.191 p99 34.719 cpu ms/req {'thrust': 0.4099, 'campfire': 4.3684, 'docker-proxy': 0.0597, 'loadgen': 0.0692} statuses {'200': 3855} err 0
[23:49:27] proxy-thruster rep 1: messages_page c=64 857.5 rps p50 73.151 p99 120.639 cpu ms/req {'thrust': 0.2886, 'campfire': 4.1699, 'docker-proxy': 0.0554, 'loadgen': 0.0644} statuses {'200': 4331} err 0
[23:49:33] proxy-thruster rep 1: sidebar c=1 802.4 rps p50 1.191 p99 2.301 cpu ms/req {'thrust': 0.2093, 'campfire': 1.0142, 'docker-proxy': 0.0424, 'loadgen': 0.0464} statuses {'200': 4013} err 0
[23:49:38] proxy-thruster rep 1: sidebar c=16 3328.9 rps p50 4.607 p99 9.343 cpu ms/req {'thrust': 0.1981, 'campfire': 0.8783, 'docker-proxy': 0.0396, 'loadgen': 0.0344} statuses {'200': 16658} err 0
[23:49:43] proxy-thruster rep 1: sidebar c=64 3341.3 rps p50 18.415 p99 37.151 cpu ms/req {'thrust': 0.2088, 'campfire': 0.8764, 'docker-proxy': 0.0436, 'loadgen': 0.0383} statuses {'200': 16762} err 0
[23:49:49] proxy-thruster rep 1: post_message c=1 557.0 rps p50 1.452 p99 14.423 cpu ms/req {'thrust': 0.2477, 'campfire': 1.4178, 'docker-proxy': 0.0467, 'loadgen': 0.0694} statuses {'200': 2786} err 0
[23:49:54] proxy-thruster rep 1: post_message c=16 1521.4 rps p50 6.791 p99 38.207 cpu ms/req {'thrust': 0.2128, 'campfire': 1.1599, 'docker-proxy': 0.0355, 'loadgen': 0.0432} statuses {'200': 7613} err 0
[23:50:00] proxy-thruster rep 1: post_message c=64 1644.5 rps p50 37.567 p99 72.127 cpu ms/req {'thrust': 0.2268, 'campfire': 1.1149, 'docker-proxy': 0.0374, 'loadgen': 0.044} statuses {'200': 8288} err 0
[23:50:23] proxy-thruster rep 1: cable 1000 ready 1000 tput 48.6 msg/s all p50 33.695 cpu us/delivery {'thrust': 18.72, 'campfire': 49.82, 'docker-proxy': 27.52, 'loadgen': 34.06} mem {'before': {'peak_anon_mb': 248.4}, 'connect': {'peak_anon_mb': 373.7, 'end_anon_mb': 373.7, 'peak_threads': 102}, 'connected': {'peak_anon_mb': 396.5, 'end_anon_mb': 396.5, 'peak_threads': 102}, 'paced': {'peak_anon_mb': 414.9, 'end_anon_mb': 414.9, 'peak_threads': 102}, 'paced_drained': {'peak_anon_mb': 414.9, 'end_anon_mb': 414.9, 'peak_threads': 102}, 'saturated': {'peak_anon_mb': 427.4, 'end_anon_mb': 427.4, 'peak_threads': 102}, 'saturated_posted': {'peak_anon_mb': 427.4, 'end_anon_mb': 427.4, 'peak_threads': 102}, 'saturated_drained': {'peak_anon_mb': 427.4, 'end_anon_mb': 427.4, 'peak_threads': 102}, 'done': {'peak_anon_mb': 427.4, 'end_anon_mb': 420.9, 'peak_threads': 102}}
[23:50:23] proxy-direct rep 1: starting (load 20.54 18.89 15.32)
[23:50:32] proxy-direct rep 1: up c=1 16501.4 rps p50 0.053 p99 0.142 cpu ms/req {'campfire': 0.0364, 'docker-proxy': 0.0097, 'loadgen': 0.0128} statuses {'200': 82509} err 0
[23:50:37] proxy-direct rep 1: up c=16 87640.8 rps p50 0.179 p99 0.348 cpu ms/req {'campfire': 0.0421, 'docker-proxy': 0.0111, 'loadgen': 0.011} statuses {'200': 438261} err 0
[23:50:42] proxy-direct rep 1: up c=64 93744.0 rps p50 0.675 p99 1.287 cpu ms/req {'campfire': 0.0397, 'docker-proxy': 0.0114, 'loadgen': 0.0112} statuses {'200': 468819} err 0
[23:50:48] proxy-direct rep 1: room_show c=1 188.8 rps p50 5.019 p99 7.399 cpu ms/req {'campfire': 5.1429, 'docker-proxy': 0.0317, 'loadgen': 0.0692} statuses {'200': 945} err 0
[23:50:53] proxy-direct rep 1: room_show c=16 784.5 rps p50 19.919 p99 34.751 cpu ms/req {'campfire': 4.708, 'docker-proxy': 0.0279, 'loadgen': 0.0363} statuses {'200': 3938} err 0
[23:50:58] proxy-direct rep 1: room_show c=64 732.3 rps p50 84.095 p99 155.391 cpu ms/req {'campfire': 5.1867, 'docker-proxy': 0.0349, 'loadgen': 0.0517} statuses {'200': 3723} err 0
[23:51:04] proxy-direct rep 1: room_show_identity c=1 432.8 rps p50 2.157 p99 4.159 cpu ms/req {'campfire': 2.0924, 'docker-proxy': 0.0508, 'loadgen': 0.1905} statuses {'200': 2165} err 0
[23:51:09] proxy-direct rep 1: room_show_identity c=16 1747.5 rps p50 8.855 p99 16.039 cpu ms/req {'campfire': 1.9637, 'docker-proxy': 0.0468, 'loadgen': 0.0942} statuses {'200': 8759} err 0
[23:51:14] proxy-direct rep 1: room_show_identity c=64 1341.3 rps p50 46.303 p99 85.631 cpu ms/req {'campfire': 2.5256, 'docker-proxy': 0.0681, 'loadgen': 0.1278} statuses {'200': 6751} err 0
[23:51:20] proxy-direct rep 1: messages_page c=1 235.3 rps p50 4.065 p99 7.027 cpu ms/req {'campfire': 4.0697, 'docker-proxy': 0.034, 'loadgen': 0.0667} statuses {'200': 1177} err 0
[23:51:25] proxy-direct rep 1: messages_page c=16 658.5 rps p50 23.759 p99 39.167 cpu ms/req {'campfire': 5.3192, 'docker-proxy': 0.0575, 'loadgen': 0.0823} statuses {'200': 3305} err 0
[23:51:30] proxy-direct rep 1: messages_page c=64 659.1 rps p50 93.951 p99 160.767 cpu ms/req {'campfire': 5.5659, 'docker-proxy': 0.0629, 'loadgen': 0.0892} statuses {'200': 3340} err 0
[23:51:36] proxy-direct rep 1: sidebar c=1 1056.4 rps p50 0.878 p99 1.782 cpu ms/req {'campfire': 0.8785, 'docker-proxy': 0.0208, 'loadgen': 0.0282} statuses {'200': 5282} err 0
[23:51:41] proxy-direct rep 1: sidebar c=16 4855.6 rps p50 3.189 p99 5.931 cpu ms/req {'campfire': 0.7225, 'docker-proxy': 0.014, 'loadgen': 0.0158} statuses {'200': 24292} err 0
[23:51:46] proxy-direct rep 1: sidebar c=64 4649.8 rps p50 13.415 p99 24.959 cpu ms/req {'campfire': 0.7833, 'docker-proxy': 0.0223, 'loadgen': 0.0264} statuses {'200': 23299} err 0
[23:51:52] proxy-direct rep 1: post_message c=1 932.0 rps p50 0.832 p99 12.391 cpu ms/req {'campfire': 0.9442, 'docker-proxy': 0.0172, 'loadgen': 0.0273} statuses {'200': 4660} err 0
[23:51:57] proxy-direct rep 1: post_message c=16 1832.0 rps p50 4.839 p99 34.399 cpu ms/req {'campfire': 0.9153, 'docker-proxy': 0.0207, 'loadgen': 0.0255} statuses {'200': 9166} err 0
[23:52:02] proxy-direct rep 1: post_message c=64 1927.2 rps p50 32.351 p99 59.519 cpu ms/req {'campfire': 1.0062, 'docker-proxy': 0.0279, 'loadgen': 0.0358} statuses {'200': 9690} err 0
[23:52:27] proxy-direct rep 1: cable 1000 ready 1000 tput 60.2 msg/s all p50 19.183 cpu us/delivery {'campfire': 49.38, 'docker-proxy': 26.24, 'loadgen': 32.33} mem {'before': {'peak_anon_mb': 303.8}, 'connect': {'peak_anon_mb': 449.5, 'end_anon_mb': 449.5, 'peak_threads': 114}, 'connected': {'peak_anon_mb': 450.5, 'end_anon_mb': 450.5, 'peak_threads': 114}, 'paced': {'peak_anon_mb': 468.9, 'end_anon_mb': 468.9, 'peak_threads': 114}, 'paced_drained': {'peak_anon_mb': 468.9, 'end_anon_mb': 468.9, 'peak_threads': 114}, 'saturated': {'peak_anon_mb': 481.6, 'end_anon_mb': 481.6, 'peak_threads': 114}, 'saturated_posted': {'peak_anon_mb': 481.6, 'end_anon_mb': 481.6, 'peak_threads': 114}, 'saturated_drained': {'peak_anon_mb': 481.6, 'end_anon_mb': 481.6, 'peak_threads': 114}, 'done': {'peak_anon_mb': 481.6, 'end_anon_mb': 475.9, 'peak_threads': 114}}
[23:52:30] host-thruster rep 1: starting (load 18.44 18.62 15.66)
[23:52:41] host-thruster rep 1: up c=1 8611.4 rps p50 0.103 p99 0.238 cpu ms/req {'thrust': 0.0722, 'campfire': 0.0485, 'loadgen': 0.0106} statuses {'200': 43058} err 0
[23:52:46] host-thruster rep 1: up c=16 18813.6 rps p50 0.784 p99 2.275 cpu ms/req {'thrust': 0.0995, 'campfire': 0.0559, 'loadgen': 0.0117} statuses {'200': 94074} err 0
[23:52:51] host-thruster rep 1: up c=64 15846.0 rps p50 3.585 p99 11.391 cpu ms/req {'thrust': 0.1306, 'campfire': 0.0619, 'loadgen': 0.0154} statuses {'200': 79275} err 0
[23:52:57] host-thruster rep 1: room_show c=1 205.3 rps p50 4.763 p99 6.139 cpu ms/req {'thrust': 0.2532, 'campfire': 4.6251, 'loadgen': 0.0643} statuses {'200': 1027} err 0
[23:53:02] host-thruster rep 1: room_show c=16 694.8 rps p50 22.447 p99 38.431 cpu ms/req {'thrust': 0.3411, 'campfire': 5.0272, 'loadgen': 0.0616} statuses {'200': 3489} err 0
[23:53:07] host-thruster rep 1: room_show c=64 775.3 rps p50 80.383 p99 140.415 cpu ms/req {'thrust': 0.2464, 'campfire': 4.7307, 'loadgen': 0.0544} statuses {'200': 3936} err 0
[23:53:13] host-thruster rep 1: room_show_identity c=1 367.0 rps p50 2.569 p99 4.415 cpu ms/req {'thrust': 0.812, 'campfire': 2.1635, 'loadgen': 0.1117} statuses {'200': 1835} err 0
[23:53:18] host-thruster rep 1: room_show_identity c=16 1161.7 rps p50 13.399 p99 26.223 cpu ms/req {'thrust': 0.801, 'campfire': 2.1726, 'loadgen': 0.1478} statuses {'200': 5818} err 0
[23:53:23] host-thruster rep 1: room_show_identity c=64 1221.3 rps p50 50.911 p99 98.303 cpu ms/req {'thrust': 0.7853, 'campfire': 2.1515, 'loadgen': 0.1347} statuses {'200': 6163} err 0
[23:53:29] host-thruster rep 1: messages_page c=1 241.8 rps p50 3.949 p99 6.175 cpu ms/req {'thrust': 0.2812, 'campfire': 3.871, 'loadgen': 0.0585} statuses {'200': 1209} err 0
[23:53:34] host-thruster rep 1: messages_page c=16 870.7 rps p50 17.839 p99 32.223 cpu ms/req {'thrust': 0.316, 'campfire': 3.8447, 'loadgen': 0.0466} statuses {'200': 4367} err 0
[23:53:39] host-thruster rep 1: messages_page c=64 855.4 rps p50 70.975 p99 140.543 cpu ms/req {'thrust': 0.2776, 'campfire': 4.1347, 'loadgen': 0.0602} statuses {'200': 4322} err 0
[23:53:45] host-thruster rep 1: sidebar c=1 994.8 rps p50 0.952 p99 1.583 cpu ms/req {'thrust': 0.1709, 'campfire': 0.8543, 'loadgen': 0.0271} statuses {'200': 4975} err 0
[23:53:50] host-thruster rep 1: sidebar c=16 3594.3 rps p50 4.283 p99 8.695 cpu ms/req {'thrust': 0.1807, 'campfire': 0.8001, 'loadgen': 0.0273} statuses {'200': 17985} err 0
[23:53:55] host-thruster rep 1: sidebar c=64 4173.0 rps p50 14.935 p99 27.023 cpu ms/req {'thrust': 0.1558, 'campfire': 0.7151, 'loadgen': 0.0239} statuses {'200': 20921} err 0
[23:54:01] host-thruster rep 1: post_message c=1 773.9 rps p50 1.049 p99 12.895 cpu ms/req {'thrust': 0.186, 'campfire': 1.0695, 'loadgen': 0.0281} statuses {'200': 3871} err 0
[23:54:06] host-thruster rep 1: post_message c=16 1767.2 rps p50 5.475 p99 36.543 cpu ms/req {'thrust': 0.1718, 'campfire': 0.9279, 'loadgen': 0.0222} statuses {'200': 8848} err 0
[23:54:11] host-thruster rep 1: post_message c=64 1874.9 rps p50 33.311 p99 59.679 cpu ms/req {'thrust': 0.2008, 'campfire': 0.984, 'loadgen': 0.031} statuses {'200': 9411} err 0
[23:54:36] host-thruster rep 1: cable 1000 ready 1000 tput 61.0 msg/s all p50 26.735 cpu us/delivery {'thrust': 15.51, 'campfire': 37.92, 'loadgen': 24.81} mem {'before': {'peak_anon_mb': 289.1}, 'connect': {'peak_anon_mb': 422.4, 'end_anon_mb': 422.4, 'peak_threads': 118}, 'connected': {'peak_anon_mb': 436.1, 'end_anon_mb': 436.1, 'peak_threads': 118}, 'paced': {'peak_anon_mb': 454.6, 'end_anon_mb': 454.6, 'peak_threads': 118}, 'paced_drained': {'peak_anon_mb': 454.6, 'end_anon_mb': 454.6, 'peak_threads': 118}, 'saturated': {'peak_anon_mb': 467.4, 'end_anon_mb': 467.4, 'peak_threads': 118}, 'saturated_posted': {'peak_anon_mb': 467.4, 'end_anon_mb': 467.4, 'peak_threads': 118}, 'saturated_drained': {'peak_anon_mb': 467.4, 'end_anon_mb': 467.4, 'peak_threads': 118}, 'done': {'peak_anon_mb': 467.4, 'end_anon_mb': 464.9, 'peak_threads': 118}}
[23:54:36] host-direct rep 1: starting (load 16.16 17.37 15.56)
[23:54:44] host-direct rep 1: up c=1 18302.6 rps p50 0.046 p99 0.125 cpu ms/req {'campfire': 0.0396, 'loadgen': 0.0133} statuses {'200': 91515} err 0
[23:54:49] host-direct rep 1: up c=16 98734.2 rps p50 0.16 p99 0.299 cpu ms/req {'campfire': 0.0378, 'loadgen': 0.0105} statuses {'200': 493695} err 0
[23:54:54] host-direct rep 1: up c=64 107021.8 rps p50 0.593 p99 1.121 cpu ms/req {'campfire': 0.0348, 'loadgen': 0.0097} statuses {'200': 535198} err 0
[23:55:00] host-direct rep 1: room_show c=1 200.3 rps p50 4.787 p99 6.871 cpu ms/req {'campfire': 4.9002, 'loadgen': 0.0529} statuses {'200': 1002} err 0
[23:55:05] host-direct rep 1: room_show c=16 756.2 rps p50 20.783 p99 36.319 cpu ms/req {'campfire': 4.8906, 'loadgen': 0.0429} statuses {'200': 3793} err 0
[23:55:11] host-direct rep 1: room_show c=64 870.3 rps p50 71.679 p99 122.943 cpu ms/req {'campfire': 4.4188, 'loadgen': 0.0323} statuses {'200': 4413} err 0
[23:55:17] host-direct rep 1: room_show_identity c=1 393.2 rps p50 2.373 p99 4.163 cpu ms/req {'campfire': 2.3194, 'loadgen': 0.2102} statuses {'200': 1966} err 0
[23:55:22] host-direct rep 1: room_show_identity c=16 1315.1 rps p50 11.855 p99 20.767 cpu ms/req {'campfire': 2.5463, 'loadgen': 0.1338} statuses {'200': 6586} err 0
[23:55:27] host-direct rep 1: room_show_identity c=64 1678.7 rps p50 37.279 p99 65.919 cpu ms/req {'campfire': 2.0872, 'loadgen': 0.0888} statuses {'200': 8442} err 0
[23:55:33] host-direct rep 1: messages_page c=1 232.5 rps p50 4.057 p99 6.311 cpu ms/req {'campfire': 4.1702, 'loadgen': 0.0594} statuses {'200': 1163} err 0
[23:55:38] host-direct rep 1: messages_page c=16 799.2 rps p50 19.647 p99 33.375 cpu ms/req {'campfire': 4.4785, 'loadgen': 0.0541} statuses {'200': 4008} err 0
[23:55:43] host-direct rep 1: messages_page c=64 945.3 rps p50 66.111 p99 112.575 cpu ms/req {'campfire': 4.036, 'loadgen': 0.0469} statuses {'200': 4782} err 0
[23:55:49] host-direct rep 1: sidebar c=1 1264.2 rps p50 0.777 p99 1.133 cpu ms/req {'campfire': 0.7641, 'loadgen': 0.0182} statuses {'200': 6321} err 0
[23:55:54] host-direct rep 1: sidebar c=16 4023.6 rps p50 3.839 p99 7.487 cpu ms/req {'campfire': 0.8559, 'loadgen': 0.0237} statuses {'200': 20132} err 0
[23:55:59] host-direct rep 1: sidebar c=64 4431.2 rps p50 14.127 p99 25.567 cpu ms/req {'campfire': 0.8372, 'loadgen': 0.0276} statuses {'200': 22205} err 0
[23:56:05] host-direct rep 1: post_message c=1 969.3 rps p50 0.785 p99 12.615 cpu ms/req {'campfire': 0.9181, 'loadgen': 0.0255} statuses {'200': 4847} err 0
[23:56:10] host-direct rep 1: post_message c=16 1737.6 rps p50 4.655 p99 40.927 cpu ms/req {'campfire': 0.8947, 'loadgen': 0.0231} statuses {'200': 8696} err 0
[23:56:15] host-direct rep 1: post_message c=64 1703.2 rps p50 36.063 p99 67.583 cpu ms/req {'campfire': 1.059, 'loadgen': 0.0405} statuses {'200': 8593} err 0
[23:56:38] host-direct rep 1: cable 1000 ready 1000 tput 55.3 msg/s all p50 18.127 cpu us/delivery {'campfire': 63.68, 'loadgen': 40.52} mem {'before': {'peak_anon_mb': 289.2}, 'connect': {'peak_anon_mb': 391.7, 'end_anon_mb': 391.7, 'peak_threads': 112}, 'connected': {'peak_anon_mb': 435.5, 'end_anon_mb': 435.5, 'peak_threads': 112}, 'paced': {'peak_anon_mb': 454.1, 'end_anon_mb': 454.1, 'peak_threads': 112}, 'paced_drained': {'peak_anon_mb': 454.1, 'end_anon_mb': 454.1, 'peak_threads': 112}, 'saturated': {'peak_anon_mb': 466.4, 'end_anon_mb': 466.4, 'peak_threads': 112}, 'saturated_posted': {'peak_anon_mb': 466.4, 'end_anon_mb': 466.4, 'peak_threads': 112}, 'saturated_drained': {'peak_anon_mb': 466.4, 'end_anon_mb': 466.4, 'peak_threads': 112}, 'done': {'peak_anon_mb': 466.4, 'end_anon_mb': 458.7, 'peak_threads': 112}}
[23:56:38] proxy-thruster rep 2: starting (load 18.35 17.25 15.70)
[23:56:47] proxy-thruster rep 2: up c=1 7699.8 rps p50 0.109 p99 0.308 cpu ms/req {'thrust': 0.0756, 'campfire': 0.0488, 'docker-proxy': 0.0156, 'loadgen': 0.0118} statuses {'200': 38500} err 0
[23:56:52] proxy-thruster rep 2: up c=16 18484.6 rps p50 0.751 p99 2.159 cpu ms/req {'thrust': 0.0963, 'campfire': 0.0551, 'docker-proxy': 0.0164, 'loadgen': 0.0117} statuses {'200': 92438} err 0
[23:56:57] proxy-thruster rep 2: up c=64 19588.6 rps p50 2.929 p99 9.071 cpu ms/req {'thrust': 0.1088, 'campfire': 0.0522, 'docker-proxy': 0.0174, 'loadgen': 0.0127} statuses {'200': 97976} err 0
[23:57:03] proxy-thruster rep 2: room_show c=1 189.5 rps p50 5.103 p99 7.347 cpu ms/req {'thrust': 0.2848, 'campfire': 4.9684, 'docker-proxy': 0.0633, 'loadgen': 0.0841} statuses {'200': 948} err 0
[23:57:08] proxy-thruster rep 2: room_show c=16 725.6 rps p50 21.647 p99 38.111 cpu ms/req {'thrust': 0.338, 'campfire': 4.8118, 'docker-proxy': 0.0522, 'loadgen': 0.0579} statuses {'200': 3639} err 0
[23:57:13] proxy-thruster rep 2: room_show c=64 769.3 rps p50 81.343 p99 139.007 cpu ms/req {'thrust': 0.2508, 'campfire': 4.753, 'docker-proxy': 0.0537, 'loadgen': 0.0565} statuses {'200': 3907} err 0
[23:57:19] proxy-thruster rep 2: room_show_identity c=1 271.9 rps p50 2.883 p99 13.999 cpu ms/req {'thrust': 1.1389, 'campfire': 2.579, 'docker-proxy': 0.1323, 'loadgen': 0.2153} statuses {'200': 1361} err 0
[23:57:24] proxy-thruster rep 2: room_show_identity c=16 476.3 rps p50 29.727 p99 87.295 cpu ms/req {'thrust': 1.6653, 'campfire': 3.7563, 'docker-proxy': 0.2087, 'loadgen': 0.3602} statuses {'200': 2396} err 0
[23:57:29] proxy-thruster rep 2: room_show_identity c=64 936.0 rps p50 65.055 p99 138.623 cpu ms/req {'thrust': 1.0339, 'campfire': 2.7585, 'docker-proxy': 0.1504, 'loadgen': 0.2127} statuses {'200': 4720} err 0
[23:57:35] proxy-thruster rep 2: messages_page c=1 231.2 rps p50 4.143 p99 6.039 cpu ms/req {'thrust': 0.3201, 'campfire': 3.9965, 'docker-proxy': 0.0519, 'loadgen': 0.0674} statuses {'200': 1156} err 0
[23:57:40] proxy-thruster rep 2: messages_page c=16 850.9 rps p50 18.399 p99 30.719 cpu ms/req {'thrust': 0.3537, 'campfire': 3.9049, 'docker-proxy': 0.0468, 'loadgen': 0.0509} statuses {'200': 4269} err 0
[23:57:45] proxy-thruster rep 2: messages_page c=64 892.0 rps p50 70.271 p99 114.111 cpu ms/req {'thrust': 0.2706, 'campfire': 4.0208, 'docker-proxy': 0.0532, 'loadgen': 0.0572} statuses {'200': 4509} err 0
[23:57:51] proxy-thruster rep 2: sidebar c=1 950.7 rps p50 1.008 p99 1.679 cpu ms/req {'thrust': 0.1746, 'campfire': 0.8729, 'docker-proxy': 0.0337, 'loadgen': 0.0311} statuses {'200': 4754} err 0
[23:57:56] proxy-thruster rep 2: sidebar c=16 3670.8 rps p50 4.207 p99 8.063 cpu ms/req {'thrust': 0.1753, 'campfire': 0.7906, 'docker-proxy': 0.0316, 'loadgen': 0.0259} statuses {'200': 18366} err 0
[23:58:01] proxy-thruster rep 2: sidebar c=64 3422.5 rps p50 18.175 p99 33.727 cpu ms/req {'thrust': 0.197, 'campfire': 0.8655, 'docker-proxy': 0.042, 'loadgen': 0.0368} statuses {'200': 17157} err 0
[23:58:07] proxy-thruster rep 2: post_message c=1 750.4 rps p50 1.07 p99 13.071 cpu ms/req {'thrust': 0.1866, 'campfire': 1.0741, 'docker-proxy': 0.0267, 'loadgen': 0.0329} statuses {'200': 3752} err 0
[23:58:12] proxy-thruster rep 2: post_message c=16 1831.7 rps p50 5.363 p99 30.703 cpu ms/req {'thrust': 0.1734, 'campfire': 0.9283, 'docker-proxy': 0.024, 'loadgen': 0.0241} statuses {'200': 9167} err 0
[23:58:17] proxy-thruster rep 2: post_message c=64 1768.8 rps p50 35.039 p99 65.919 cpu ms/req {'thrust': 0.1975, 'campfire': 0.973, 'docker-proxy': 0.0303, 'loadgen': 0.0348} statuses {'200': 8911} err 0
[23:58:42] proxy-thruster rep 2: cable 1000 ready 1000 tput 51.3 msg/s all p50 27.023 cpu us/delivery {'thrust': 17.28, 'campfire': 44.39, 'docker-proxy': 23.58, 'loadgen': 30.1} mem {'before': {'peak_anon_mb': 286.7}, 'connect': {'peak_anon_mb': 434.6, 'end_anon_mb': 434.6, 'peak_threads': 112}, 'connected': {'peak_anon_mb': 434.6, 'end_anon_mb': 434.6, 'peak_threads': 112}, 'paced': {'peak_anon_mb': 453.0, 'end_anon_mb': 453.0, 'peak_threads': 112}, 'paced_drained': {'peak_anon_mb': 453.0, 'end_anon_mb': 453.0, 'peak_threads': 112}, 'saturated': {'peak_anon_mb': 472.5, 'end_anon_mb': 464.4, 'peak_threads': 112}, 'saturated_posted': {'peak_anon_mb': 464.4, 'end_anon_mb': 464.4, 'peak_threads': 112}, 'saturated_drained': {'peak_anon_mb': 464.4, 'end_anon_mb': 464.4, 'peak_threads': 112}, 'done': {'peak_anon_mb': 464.4, 'end_anon_mb': 457.0, 'peak_threads': 112}}
[23:58:42] proxy-direct rep 2: starting (load 20.97 18.05 16.16)
[23:58:51] proxy-direct rep 2: up c=1 16136.8 rps p50 0.054 p99 0.14 cpu ms/req {'campfire': 0.038, 'docker-proxy': 0.0094, 'loadgen': 0.0126} statuses {'200': 80685} err 0
[23:58:56] proxy-direct rep 2: up c=16 91027.1 rps p50 0.176 p99 0.304 cpu ms/req {'campfire': 0.0409, 'docker-proxy': 0.0104, 'loadgen': 0.0106} statuses {'200': 455172} err 0
[23:59:01] proxy-direct rep 2: up c=64 90001.3 rps p50 0.69 p99 1.593 cpu ms/req {'campfire': 0.0406, 'docker-proxy': 0.0112, 'loadgen': 0.011} statuses {'200': 450117} err 0
[23:59:07] proxy-direct rep 2: room_show c=1 213.7 rps p50 4.591 p99 6.159 cpu ms/req {'campfire': 4.5744, 'docker-proxy': 0.0281, 'loadgen': 0.0497} statuses {'200': 1069} err 0
[23:59:12] proxy-direct rep 2: room_show c=16 855.2 rps p50 18.415 p99 31.583 cpu ms/req {'campfire': 4.3437, 'docker-proxy': 0.021, 'loadgen': 0.0274} statuses {'200': 4289} err 0
[23:59:17] proxy-direct rep 2: room_show c=64 843.3 rps p50 74.239 p99 132.095 cpu ms/req {'campfire': 4.5438, 'docker-proxy': 0.0257, 'loadgen': 0.0353} statuses {'200': 4274} err 0
[23:59:23] proxy-direct rep 2: room_show_identity c=1 468.0 rps p50 2.057 p99 3.147 cpu ms/req {'campfire': 1.9564, 'docker-proxy': 0.047, 'loadgen': 0.1655} statuses {'200': 2341} err 0
[23:59:28] proxy-direct rep 2: room_show_identity c=16 1823.5 rps p50 8.567 p99 14.527 cpu ms/req {'campfire': 1.8903, 'docker-proxy': 0.0427, 'loadgen': 0.0923} statuses {'200': 9131} err 0
[23:59:33] proxy-direct rep 2: room_show_identity c=64 1800.7 rps p50 34.559 p99 61.503 cpu ms/req {'campfire': 1.9275, 'docker-proxy': 0.0475, 'loadgen': 0.084} statuses {'200': 9048} err 0
[23:59:39] proxy-direct rep 2: messages_page c=1 266.1 rps p50 3.677 p99 4.895 cpu ms/req {'campfire': 3.6664, 'docker-proxy': 0.0225, 'loadgen': 0.0437} statuses {'200': 1331} err 0
[23:59:44] proxy-direct rep 2: messages_page c=16 1059.0 rps p50 14.871 p99 24.415 cpu ms/req {'campfire': 3.3949, 'docker-proxy': 0.0189, 'loadgen': 0.0262} statuses {'200': 5305} err 0
[23:59:49] proxy-direct rep 2: messages_page c=64 1141.0 rps p50 55.199 p99 89.407 cpu ms/req {'campfire': 3.3356, 'docker-proxy': 0.0225, 'loadgen': 0.0264} statuses {'200': 5765} err 0
[23:59:55] proxy-direct rep 2: sidebar c=1 1200.1 rps p50 0.796 p99 1.378 cpu ms/req {'campfire': 0.7849, 'docker-proxy': 0.0167, 'loadgen': 0.0205} statuses {'200': 6001} err 0
[00:00:00] proxy-direct rep 2: sidebar c=16 5398.1 rps p50 2.873 p99 5.327 cpu ms/req {'campfire': 0.6643, 'docker-proxy': 0.0119, 'loadgen': 0.0136} statuses {'200': 27004} err 0
[00:00:05] proxy-direct rep 2: sidebar c=64 5842.5 rps p50 10.775 p99 18.367 cpu ms/req {'campfire': 0.6317, 'docker-proxy': 0.0137, 'loadgen': 0.0142} statuses {'200': 29271} err 0
[00:00:11] proxy-direct rep 2: post_message c=1 803.4 rps p50 0.956 p99 13.255 cpu ms/req {'campfire': 1.0655, 'docker-proxy': 0.0199, 'loadgen': 0.0376} statuses {'200': 4017} err 0
[00:00:16] proxy-direct rep 2: post_message c=16 1868.7 rps p50 5.103 p99 29.775 cpu ms/req {'campfire': 0.9751, 'docker-proxy': 0.0214, 'loadgen': 0.0293} statuses {'200': 9363} err 0
[00:00:21] proxy-direct rep 2: post_message c=64 1799.6 rps p50 34.751 p99 63.711 cpu ms/req {'campfire': 1.0158, 'docker-proxy': 0.0287, 'loadgen': 0.0359} statuses {'200': 9057} err 0
[00:00:45] proxy-direct rep 2: cable 1000 ready 1000 tput 75.7 msg/s all p50 19.999 cpu us/delivery {'campfire': 44.07, 'docker-proxy': 22.53, 'loadgen': 28.96} mem {'before': {'peak_anon_mb': 294.7}, 'connect': {'peak_anon_mb': 411.0, 'end_anon_mb': 411.0, 'peak_threads': 121}, 'connected': {'peak_anon_mb': 441.3, 'end_anon_mb': 441.3, 'peak_threads': 121}, 'paced': {'peak_anon_mb': 461.9, 'end_anon_mb': 459.8, 'peak_threads': 121}, 'paced_drained': {'peak_anon_mb': 459.8, 'end_anon_mb': 459.8, 'peak_threads': 121}, 'saturated': {'peak_anon_mb': 473.8, 'end_anon_mb': 473.8, 'peak_threads': 121}, 'saturated_posted': {'peak_anon_mb': 473.8, 'end_anon_mb': 473.8, 'peak_threads': 121}, 'saturated_drained': {'peak_anon_mb': 473.8, 'end_anon_mb': 473.8, 'peak_threads': 121}, 'done': {'peak_anon_mb': 473.9, 'end_anon_mb': 467.0, 'peak_threads': 121}}
[00:00:46] host-thruster rep 2: starting (load 15.08 16.52 15.81)
[00:00:54] host-thruster rep 2: up c=1 11560.4 rps p50 0.078 p99 0.168 cpu ms/req {'thrust': 0.0521, 'campfire': 0.037, 'loadgen': 0.0084} statuses {'200': 57803} err 0
[00:00:59] host-thruster rep 2: up c=16 22374.9 rps p50 0.667 p99 1.781 cpu ms/req {'thrust': 0.086, 'campfire': 0.049, 'loadgen': 0.0097} statuses {'200': 111887} err 0
[00:01:04] host-thruster rep 2: up c=64 21256.0 rps p50 2.703 p99 8.151 cpu ms/req {'thrust': 0.0995, 'campfire': 0.0481, 'loadgen': 0.0109} statuses {'200': 106338} err 0
[00:01:10] host-thruster rep 2: room_show c=1 214.0 rps p50 4.587 p99 5.531 cpu ms/req {'thrust': 0.2523, 'campfire': 4.4299, 'loadgen': 0.064} statuses {'200': 1070} err 0
[00:01:15] host-thruster rep 2: room_show c=16 876.7 rps p50 17.983 p99 30.847 cpu ms/req {'thrust': 0.2389, 'campfire': 4.1197, 'loadgen': 0.0352} statuses {'200': 4396} err 0
[00:01:20] host-thruster rep 2: room_show c=64 884.4 rps p50 70.655 p99 124.479 cpu ms/req {'thrust': 0.1965, 'campfire': 4.1827, 'loadgen': 0.0384} statuses {'200': 4478} err 0
[00:01:26] host-thruster rep 2: room_show_identity c=1 496.9 rps p50 1.992 p99 2.315 cpu ms/req {'thrust': 0.4588, 'campfire': 1.7103, 'loadgen': 0.0958} statuses {'200': 2485} err 0
[00:01:31] host-thruster rep 2: room_show_identity c=16 1402.0 rps p50 11.175 p99 20.303 cpu ms/req {'thrust': 0.6566, 'campfire': 1.8231, 'loadgen': 0.1134} statuses {'200': 7021} err 0
[00:01:36] host-thruster rep 2: room_show_identity c=64 1453.9 rps p50 43.199 p99 76.607 cpu ms/req {'thrust': 0.6419, 'campfire': 1.841, 'loadgen': 0.1001} statuses {'200': 7306} err 0
[00:01:42] host-thruster rep 2: messages_page c=1 283.3 rps p50 3.435 p99 4.671 cpu ms/req {'thrust': 0.2329, 'campfire': 3.2957, 'loadgen': 0.0693} statuses {'200': 1417} err 0
[00:01:47] host-thruster rep 2: messages_page c=16 1072.3 rps p50 14.695 p99 23.535 cpu ms/req {'thrust': 0.2587, 'campfire': 3.2006, 'loadgen': 0.0293} statuses {'200': 5374} err 0
[00:01:52] host-thruster rep 2: messages_page c=64 1126.8 rps p50 55.775 p99 90.303 cpu ms/req {'thrust': 0.1987, 'campfire': 3.1885, 'loadgen': 0.0316} statuses {'200': 5686} err 0
[00:01:58] host-thruster rep 2: sidebar c=1 1318.4 rps p50 0.757 p99 0.896 cpu ms/req {'thrust': 0.1289, 'campfire': 0.6537, 'loadgen': 0.0153} statuses {'200': 6593} err 0
[00:02:03] host-thruster rep 2: sidebar c=16 4571.2 rps p50 3.391 p99 6.507 cpu ms/req {'thrust': 0.1378, 'campfire': 0.6503, 'loadgen': 0.017} statuses {'200': 22866} err 0
[00:02:08] host-thruster rep 2: sidebar c=64 4715.9 rps p50 13.343 p99 23.135 cpu ms/req {'thrust': 0.1363, 'campfire': 0.6445, 'loadgen': 0.0187} statuses {'200': 23632} err 0
[00:02:14] host-thruster rep 2: post_message c=1 963.1 rps p50 0.8 p99 11.879 cpu ms/req {'thrust': 0.1516, 'campfire': 0.8472, 'loadgen': 0.0151} statuses {'200': 4816} err 0
[00:02:19] host-thruster rep 2: post_message c=16 2063.7 rps p50 4.759 p99 21.407 cpu ms/req {'thrust': 0.1535, 'campfire': 0.844, 'loadgen': 0.0172} statuses {'200': 10355} err 0
[00:02:24] host-thruster rep 2: post_message c=64 2172.7 rps p50 29.055 p99 50.431 cpu ms/req {'thrust': 0.1639, 'campfire': 0.8259, 'loadgen': 0.021} statuses {'200': 10921} err 0
[00:02:49] host-thruster rep 2: cable 1000 ready 1000 tput 76.6 msg/s all p50 22.687 cpu us/delivery {'thrust': 12.59, 'campfire': 31.13, 'loadgen': 21.07} mem {'before': {'peak_anon_mb': 333.2}, 'connect': {'peak_anon_mb': 469.0, 'end_anon_mb': 469.0, 'peak_threads': 118}, 'connected': {'peak_anon_mb': 480.7, 'end_anon_mb': 480.7, 'peak_threads': 118}, 'paced': {'peak_anon_mb': 498.9, 'end_anon_mb': 498.9, 'peak_threads': 118}, 'paced_drained': {'peak_anon_mb': 498.9, 'end_anon_mb': 498.9, 'peak_threads': 118}, 'saturated': {'peak_anon_mb': 519.3, 'end_anon_mb': 519.2, 'peak_threads': 118}, 'saturated_posted': {'peak_anon_mb': 519.2, 'end_anon_mb': 519.2, 'peak_threads': 118}, 'saturated_drained': {'peak_anon_mb': 519.2, 'end_anon_mb': 519.2, 'peak_threads': 118}, 'done': {'peak_anon_mb': 519.3, 'end_anon_mb': 515.0, 'peak_threads': 118}}
[00:02:49] host-direct rep 2: starting (load 9.05 13.29 14.68)
[00:02:58] host-direct rep 2: up c=1 24913.6 rps p50 0.039 p99 0.046 cpu ms/req {'campfire': 0.0307, 'loadgen': 0.0093} statuses {'200': 124570} err 0
[00:03:03] host-direct rep 2: up c=16 122226.7 rps p50 0.131 p99 0.215 cpu ms/req {'campfire': 0.0309, 'loadgen': 0.0085} statuses {'200': 611163} err 0
[00:03:08] host-direct rep 2: up c=64 121709.4 rps p50 0.524 p99 0.948 cpu ms/req {'campfire': 0.031, 'loadgen': 0.0085} statuses {'200': 608648} err 0
[00:03:14] host-direct rep 2: room_show c=1 212.2 rps p50 4.715 p99 5.483 cpu ms/req {'campfire': 4.6277, 'loadgen': 0.0401} statuses {'200': 1061} err 0
[00:03:19] host-direct rep 2: room_show c=16 894.1 rps p50 17.615 p99 29.183 cpu ms/req {'campfire': 4.1918, 'loadgen': 0.0316} statuses {'200': 4485} err 0
[00:03:24] host-direct rep 2: room_show c=64 928.0 rps p50 67.391 p99 118.783 cpu ms/req {'campfire': 4.1903, 'loadgen': 0.0199} statuses {'200': 4699} err 0
[00:03:30] host-direct rep 2: room_show_identity c=1 572.8 rps p50 1.694 p99 2.295 cpu ms/req {'campfire': 1.662, 'loadgen': 0.075} statuses {'200': 2864} err 0
[00:03:35] host-direct rep 2: room_show_identity c=16 1989.6 rps p50 7.915 p99 12.695 cpu ms/req {'campfire': 1.754, 'loadgen': 0.0794} statuses {'200': 9960} err 0
[00:03:40] host-direct rep 2: room_show_identity c=64 2002.9 rps p50 31.311 p99 53.759 cpu ms/req {'campfire': 1.7798, 'loadgen': 0.077} statuses {'200': 10063} err 0
[00:03:46] host-direct rep 2: messages_page c=1 278.8 rps p50 3.567 p99 4.339 cpu ms/req {'campfire': 3.5197, 'loadgen': 0.0384} statuses {'200': 1395} err 0
[00:03:51] host-direct rep 2: messages_page c=16 1125.3 rps p50 13.991 p99 22.495 cpu ms/req {'campfire': 3.2275, 'loadgen': 0.0167} statuses {'200': 5639} err 0
[00:03:56] host-direct rep 2: messages_page c=64 1186.3 rps p50 52.959 p99 86.527 cpu ms/req {'campfire': 3.2024, 'loadgen': 0.0182} statuses {'200': 5983} err 0
[00:04:02] host-direct rep 2: sidebar c=1 1665.6 rps p50 0.59 p99 0.756 cpu ms/req {'campfire': 0.5871, 'loadgen': 0.0102} statuses {'200': 8329} err 0
[00:04:07] host-direct rep 2: sidebar c=16 6015.2 rps p50 2.609 p99 4.567 cpu ms/req {'campfire': 0.6089, 'loadgen': 0.0101} statuses {'200': 30089} err 0
[00:04:12] host-direct rep 2: sidebar c=64 6199.9 rps p50 10.215 p99 17.327 cpu ms/req {'campfire': 0.6083, 'loadgen': 0.0105} statuses {'200': 31053} err 0
[00:04:18] host-direct rep 2: post_message c=1 842.8 rps p50 0.704 p99 12.511 cpu ms/req {'campfire': 1.0081, 'loadgen': 0.0349} statuses {'200': 4216} err 0
[00:04:23] host-direct rep 2: post_message c=16 1416.9 rps p50 7.867 p99 35.039 cpu ms/req {'campfire': 1.3499, 'loadgen': 0.0531} statuses {'200': 7097} err 0
[00:04:28] host-direct rep 2: post_message c=64 1966.7 rps p50 30.063 p99 62.591 cpu ms/req {'campfire': 0.9966, 'loadgen': 0.0306} statuses {'200': 9934} err 0
[00:04:51] host-direct rep 2: cable 1000 ready 1000 tput 91.8 msg/s all p50 17.599 cpu us/delivery {'campfire': 36.95, 'loadgen': 24.51} mem {'before': {'peak_anon_mb': 290.5}, 'connect': {'peak_anon_mb': 383.9, 'end_anon_mb': 383.9, 'peak_threads': 130}, 'connected': {'peak_anon_mb': 437.0, 'end_anon_mb': 437.0, 'peak_threads': 130}, 'paced': {'peak_anon_mb': 455.5, 'end_anon_mb': 455.5, 'peak_threads': 130}, 'paced_drained': {'peak_anon_mb': 455.5, 'end_anon_mb': 455.5, 'peak_threads': 130}, 'saturated': {'peak_anon_mb': 473.8, 'end_anon_mb': 473.8, 'peak_threads': 130}, 'saturated_posted': {'peak_anon_mb': 473.8, 'end_anon_mb': 473.8, 'peak_threads': 130}, 'saturated_drained': {'peak_anon_mb': 473.8, 'end_anon_mb': 473.8, 'peak_threads': 130}, 'done': {'peak_anon_mb': 473.9, 'end_anon_mb': 467.4, 'peak_threads': 130}}
[00:04:52] proxy-thruster rep 3: starting (load 8.44 11.31 13.75)
[00:05:01] proxy-thruster rep 3: up c=1 7285.3 rps p50 0.097 p99 0.365 cpu ms/req {'thrust': 0.0788, 'campfire': 0.0524, 'docker-proxy': 0.0173, 'loadgen': 0.0137} statuses {'200': 36428} err 0
[00:05:06] proxy-thruster rep 3: up c=16 21334.5 rps p50 0.698 p99 1.842 cpu ms/req {'thrust': 0.0911, 'campfire': 0.0531, 'docker-proxy': 0.0153, 'loadgen': 0.0105} statuses {'200': 106688} err 0
[00:05:11] proxy-thruster rep 3: up c=64 21650.8 rps p50 2.649 p99 7.975 cpu ms/req {'thrust': 0.1005, 'campfire': 0.0487, 'docker-proxy': 0.0157, 'loadgen': 0.0112} statuses {'200': 108327} err 0
[00:05:17] proxy-thruster rep 3: room_show c=1 209.9 rps p50 4.687 p99 6.267 cpu ms/req {'thrust': 0.2571, 'campfire': 4.5048, 'docker-proxy': 0.0476, 'loadgen': 0.06} statuses {'200': 1050} err 0
[00:05:22] proxy-thruster rep 3: room_show c=16 834.3 rps p50 18.895 p99 31.647 cpu ms/req {'thrust': 0.2533, 'campfire': 4.2949, 'docker-proxy': 0.0359, 'loadgen': 0.0371} statuses {'200': 4184} err 0
[00:05:27] proxy-thruster rep 3: room_show c=64 872.6 rps p50 71.679 p99 124.863 cpu ms/req {'thrust': 0.2014, 'campfire': 4.2304, 'docker-proxy': 0.0407, 'loadgen': 0.039} statuses {'200': 4418} err 0
[00:05:33] proxy-thruster rep 3: room_show_identity c=1 404.8 rps p50 2.225 p99 4.695 cpu ms/req {'thrust': 0.6374, 'campfire': 2.0208, 'docker-proxy': 0.0889, 'loadgen': 0.1206} statuses {'200': 2024} err 0
[00:05:38] proxy-thruster rep 3: room_show_identity c=16 1180.7 rps p50 12.743 p99 29.775 cpu ms/req {'thrust': 0.7739, 'campfire': 2.1595, 'docker-proxy': 0.0929, 'loadgen': 0.1317} statuses {'200': 5918} err 0
[00:05:43] proxy-thruster rep 3: room_show_identity c=64 1134.3 rps p50 52.703 p99 118.399 cpu ms/req {'thrust': 0.8196, 'campfire': 2.3398, 'docker-proxy': 0.1068, 'loadgen': 0.1368} statuses {'200': 5710} err 0
[00:05:49] proxy-thruster rep 3: messages_page c=1 269.6 rps p50 3.653 p99 4.523 cpu ms/req {'thrust': 0.2076, 'campfire': 3.5063, 'docker-proxy': 0.0371, 'loadgen': 0.0389} statuses {'200': 1349} err 0
[00:05:54] proxy-thruster rep 3: messages_page c=16 1035.9 rps p50 15.167 p99 25.199 cpu ms/req {'thrust': 0.2601, 'campfire': 3.3154, 'docker-proxy': 0.0308, 'loadgen': 0.0307} statuses {'200': 5191} err 0
[00:05:59] proxy-thruster rep 3: messages_page c=64 1113.8 rps p50 56.223 p99 92.671 cpu ms/req {'thrust': 0.1938, 'campfire': 3.2338, 'docker-proxy': 0.032, 'loadgen': 0.0318} statuses {'200': 5625} err 0
[00:06:05] proxy-thruster rep 3: sidebar c=1 1296.4 rps p50 0.77 p99 0.899 cpu ms/req {'thrust': 0.125, 'campfire': 0.6587, 'docker-proxy': 0.0216, 'loadgen': 0.0174} statuses {'200': 6482} err 0
[00:06:10] proxy-thruster rep 3: sidebar c=16 4553.4 rps p50 3.409 p99 6.471 cpu ms/req {'thrust': 0.1339, 'campfire': 0.6497, 'docker-proxy': 0.0237, 'loadgen': 0.0173} statuses {'200': 22779} err 0
[00:06:15] proxy-thruster rep 3: sidebar c=64 4746.2 rps p50 13.271 p99 23.055 cpu ms/req {'thrust': 0.1312, 'campfire': 0.6399, 'docker-proxy': 0.0244, 'loadgen': 0.019} statuses {'200': 23785} err 0
[00:06:21] proxy-thruster rep 3: post_message c=1 994.0 rps p50 0.83 p99 11.671 cpu ms/req {'thrust': 0.1449, 'campfire': 0.8209, 'docker-proxy': 0.0181, 'loadgen': 0.0147} statuses {'200': 4970} err 0
[00:06:26] proxy-thruster rep 3: post_message c=16 2117.2 rps p50 4.747 p99 20.719 cpu ms/req {'thrust': 0.1488, 'campfire': 0.8408, 'docker-proxy': 0.0179, 'loadgen': 0.0179} statuses {'200': 10621} err 0
[00:06:31] proxy-thruster rep 3: post_message c=64 2153.1 rps p50 29.391 p99 50.431 cpu ms/req {'thrust': 0.1589, 'campfire': 0.8362, 'docker-proxy': 0.0231, 'loadgen': 0.0224} statuses {'200': 10823} err 0
[00:06:55] proxy-thruster rep 3: cable 1000 ready 1000 tput 68.7 msg/s all p50 22.991 cpu us/delivery {'thrust': 14.06, 'campfire': 33.55, 'docker-proxy': 18.73, 'loadgen': 24.14} mem {'before': {'peak_anon_mb': 333.4}, 'connect': {'peak_anon_mb': 470.3, 'end_anon_mb': 470.3, 'peak_threads': 112}, 'connected': {'peak_anon_mb': 481.0, 'end_anon_mb': 481.0, 'peak_threads': 112}, 'paced': {'peak_anon_mb': 499.2, 'end_anon_mb': 499.2, 'peak_threads': 112}, 'paced_drained': {'peak_anon_mb': 499.2, 'end_anon_mb': 499.2, 'peak_threads': 112}, 'saturated': {'peak_anon_mb': 515.9, 'end_anon_mb': 515.8, 'peak_threads': 112}, 'saturated_posted': {'peak_anon_mb': 515.8, 'end_anon_mb': 515.8, 'peak_threads': 112}, 'saturated_drained': {'peak_anon_mb': 515.8, 'end_anon_mb': 515.8, 'peak_threads': 112}, 'done': {'peak_anon_mb': 515.8, 'end_anon_mb': 515.8, 'peak_threads': 112}}
[00:06:56] proxy-direct rep 3: starting (load 9.28 10.86 13.31)
[00:07:04] proxy-direct rep 3: up c=1 19800.4 rps p50 0.046 p99 0.126 cpu ms/req {'campfire': 0.0322, 'docker-proxy': 0.0082, 'loadgen': 0.0102} statuses {'200': 99003} err 0
[00:07:09] proxy-direct rep 3: up c=16 91953.5 rps p50 0.166 p99 0.373 cpu ms/req {'campfire': 0.0405, 'docker-proxy': 0.0098, 'loadgen': 0.0106} statuses {'200': 459810} err 0
[00:07:14] proxy-direct rep 3: up c=64 89521.9 rps p50 0.668 p99 1.641 cpu ms/req {'campfire': 0.0414, 'docker-proxy': 0.0103, 'loadgen': 0.0105} statuses {'200': 447753} err 0
[00:07:20] proxy-direct rep 3: room_show c=1 231.7 rps p50 4.231 p99 5.223 cpu ms/req {'campfire': 4.2278, 'docker-proxy': 0.0259, 'loadgen': 0.0346} statuses {'200': 1159} err 0
[00:07:25] proxy-direct rep 3: room_show c=16 916.7 rps p50 17.215 p99 28.751 cpu ms/req {'campfire': 4.0639, 'docker-proxy': 0.013, 'loadgen': 0.0203} statuses {'200': 4599} err 0
[00:07:30] proxy-direct rep 3: room_show c=64 914.7 rps p50 68.415 p99 120.511 cpu ms/req {'campfire': 4.1993, 'docker-proxy': 0.0238, 'loadgen': 0.0288} statuses {'200': 4627} err 0
[00:07:36] proxy-direct rep 3: room_show_identity c=1 515.6 rps p50 1.892 p99 2.485 cpu ms/req {'campfire': 1.7798, 'docker-proxy': 0.0465, 'loadgen': 0.1502} statuses {'200': 2579} err 0
[00:07:41] proxy-direct rep 3: room_show_identity c=16 1908.8 rps p50 8.207 p99 13.567 cpu ms/req {'campfire': 1.809, 'docker-proxy': 0.0408, 'loadgen': 0.0875} statuses {'200': 9558} err 0
[00:07:46] proxy-direct rep 3: room_show_identity c=64 1966.5 rps p50 31.951 p99 53.919 cpu ms/req {'campfire': 1.7946, 'docker-proxy': 0.0425, 'loadgen': 0.0819} statuses {'200': 9885} err 0
[00:07:52] proxy-direct rep 3: messages_page c=1 295.9 rps p50 3.261 p99 4.355 cpu ms/req {'campfire': 3.2703, 'docker-proxy': 0.027, 'loadgen': 0.0398} statuses {'200': 1480} err 0
[00:07:57] proxy-direct rep 3: messages_page c=16 1145.0 rps p50 13.719 p99 22.511 cpu ms/req {'campfire': 3.1376, 'docker-proxy': 0.0157, 'loadgen': 0.0186} statuses {'200': 5740} err 0
[00:08:02] proxy-direct rep 3: messages_page c=64 1199.9 rps p50 52.351 p99 86.847 cpu ms/req {'campfire': 3.1406, 'docker-proxy': 0.0182, 'loadgen': 0.0205} statuses {'200': 6053} err 0
[00:08:08] proxy-direct rep 3: sidebar c=1 1714.0 rps p50 0.569 p99 0.735 cpu ms/req {'campfire': 0.5601, 'docker-proxy': 0.0093, 'loadgen': 0.0098} statuses {'200': 8570} err 0
[00:08:13] proxy-direct rep 3: sidebar c=16 6160.2 rps p50 2.547 p99 4.475 cpu ms/req {'campfire': 0.6003, 'docker-proxy': 0.0101, 'loadgen': 0.0107} statuses {'200': 30816} err 0
[00:08:18] proxy-direct rep 3: sidebar c=64 6345.7 rps p50 9.967 p99 16.975 cpu ms/req {'campfire': 0.5958, 'docker-proxy': 0.0104, 'loadgen': 0.0115} statuses {'200': 31787} err 0
[00:08:24] proxy-direct rep 3: post_message c=1 1233.3 rps p50 0.638 p99 11.447 cpu ms/req {'campfire': 0.7183, 'docker-proxy': 0.0114, 'loadgen': 0.0144} statuses {'200': 6167} err 0
[00:08:29] proxy-direct rep 3: post_message c=16 2374.2 rps p50 3.813 p99 22.367 cpu ms/req {'campfire': 0.7695, 'docker-proxy': 0.0135, 'loadgen': 0.0164} statuses {'200': 11878} err 0
[00:08:34] proxy-direct rep 3: post_message c=64 2381.0 rps p50 26.527 p99 45.375 cpu ms/req {'campfire': 0.775, 'docker-proxy': 0.0184, 'loadgen': 0.02} statuses {'200': 11962} err 0
[00:08:58] proxy-direct rep 3: cable 1000 ready 1000 tput 60.4 msg/s all p50 28.175 cpu us/delivery {'campfire': 58.98, 'docker-proxy': 28.4, 'loadgen': 37.71} mem {'before': {'peak_anon_mb': 366.6}, 'connect': {'peak_anon_mb': 432.4, 'end_anon_mb': 432.4, 'peak_threads': 99}, 'connected': {'peak_anon_mb': 513.6, 'end_anon_mb': 513.6, 'peak_threads': 99}, 'paced': {'peak_anon_mb': 534.4, 'end_anon_mb': 534.4, 'peak_threads': 99}, 'paced_drained': {'peak_anon_mb': 534.4, 'end_anon_mb': 534.4, 'peak_threads': 99}, 'saturated': {'peak_anon_mb': 551.8, 'end_anon_mb': 551.8, 'peak_threads': 99}, 'saturated_posted': {'peak_anon_mb': 551.8, 'end_anon_mb': 551.8, 'peak_threads': 99}, 'saturated_drained': {'peak_anon_mb': 551.8, 'end_anon_mb': 551.8, 'peak_threads': 99}, 'done': {'peak_anon_mb': 551.8, 'end_anon_mb': 547.4, 'peak_threads': 99}}
[00:08:58] host-thruster rep 3: starting (load 12.03 10.98 13.02)
[00:09:06] host-thruster rep 3: up c=1 10585.9 rps p50 0.085 p99 0.183 cpu ms/req {'thrust': 0.0576, 'campfire': 0.0401, 'loadgen': 0.0091} statuses {'200': 52931} err 0
[00:09:11] host-thruster rep 3: up c=16 20379.0 rps p50 0.73 p99 1.937 cpu ms/req {'thrust': 0.0942, 'campfire': 0.0532, 'loadgen': 0.0108} statuses {'200': 101907} err 0
[00:09:16] host-thruster rep 3: up c=64 19698.5 rps p50 2.927 p99 8.935 cpu ms/req {'thrust': 0.1079, 'campfire': 0.0512, 'loadgen': 0.0119} statuses {'200': 98542} err 0
[00:09:22] host-thruster rep 3: room_show c=1 207.7 rps p50 4.751 p99 5.915 cpu ms/req {'thrust': 0.231, 'campfire': 4.591, 'loadgen': 0.0562} statuses {'200': 1039} err 0
[00:09:27] host-thruster rep 3: room_show c=16 742.1 rps p50 21.231 p99 35.615 cpu ms/req {'thrust': 0.3006, 'campfire': 4.7826, 'loadgen': 0.0476} statuses {'200': 3726} err 0
[00:09:33] host-thruster rep 3: room_show c=64 746.5 rps p50 83.647 p99 147.839 cpu ms/req {'thrust': 0.269, 'campfire': 4.9103, 'loadgen': 0.0555} statuses {'200': 3792} err 0
[00:09:39] host-thruster rep 3: room_show_identity c=1 382.6 rps p50 2.567 p99 3.331 cpu ms/req {'thrust': 0.6322, 'campfire': 2.1735, 'loadgen': 0.1269} statuses {'200': 1914} err 0
[00:09:44] host-thruster rep 3: room_show_identity c=16 999.4 rps p50 15.607 p99 29.647 cpu ms/req {'thrust': 0.9906, 'campfire': 2.4466, 'loadgen': 0.2189} statuses {'200': 5007} err 0
[00:09:49] host-thruster rep 3: room_show_identity c=64 1188.7 rps p50 52.319 p99 94.399 cpu ms/req {'thrust': 0.8118, 'campfire': 2.2115, 'loadgen': 0.136} statuses {'200': 5987} err 0
[00:09:55] host-thruster rep 3: messages_page c=1 268.9 rps p50 3.675 p99 4.543 cpu ms/req {'thrust': 0.2454, 'campfire': 3.4944, 'loadgen': 0.0427} statuses {'200': 1345} err 0
[00:10:00] host-thruster rep 3: messages_page c=16 1002.9 rps p50 15.671 p99 25.119 cpu ms/req {'thrust': 0.2805, 'campfire': 3.4302, 'loadgen': 0.0345} statuses {'200': 5026} err 0
[00:10:05] host-thruster rep 3: messages_page c=64 1018.6 rps p50 61.727 p99 102.719 cpu ms/req {'thrust': 0.2468, 'campfire': 3.5231, 'loadgen': 0.0435} statuses {'200': 5146} err 0
[00:10:11] host-thruster rep 3: sidebar c=1 1147.3 rps p50 0.866 p99 1.078 cpu ms/req {'thrust': 0.1482, 'campfire': 0.7478, 'loadgen': 0.0187} statuses {'200': 5737} err 0
[00:10:16] host-thruster rep 3: sidebar c=16 4249.7 rps p50 3.641 p99 6.971 cpu ms/req {'thrust': 0.1477, 'campfire': 0.6993, 'loadgen': 0.0189} statuses {'200': 21263} err 0
[00:10:21] host-thruster rep 3: sidebar c=64 4390.9 rps p50 14.351 p99 24.687 cpu ms/req {'thrust': 0.1486, 'campfire': 0.6942, 'loadgen': 0.0212} statuses {'200': 22010} err 0
[00:10:27] host-thruster rep 3: post_message c=1 899.0 rps p50 0.907 p99 12.151 cpu ms/req {'thrust': 0.1599, 'campfire': 0.9125, 'loadgen': 0.0172} statuses {'200': 4504} err 0
[00:10:32] host-thruster rep 3: post_message c=16 1615.7 rps p50 6.207 p99 31.135 cpu ms/req {'thrust': 0.2008, 'campfire': 1.0928, 'loadgen': 0.0298} statuses {'200': 8117} err 0
[00:10:37] host-thruster rep 3: post_message c=64 2013.4 rps p50 30.751 p99 59.647 cpu ms/req {'thrust': 0.1758, 'campfire': 0.9047, 'loadgen': 0.024} statuses {'200': 10125} err 0
[00:11:02] host-thruster rep 3: cable 1000 ready 1000 tput 65.8 msg/s all p50 33.535 cpu us/delivery {'thrust': 15.28, 'campfire': 35.37, 'loadgen': 22.82} mem {'before': {'peak_anon_mb': 295.0}, 'connect': {'peak_anon_mb': 437.9, 'end_anon_mb': 437.9, 'peak_threads': 103}, 'connected': {'peak_anon_mb': 443.2, 'end_anon_mb': 443.2, 'peak_threads': 103}, 'paced': {'peak_anon_mb': 461.6, 'end_anon_mb': 461.6, 'peak_threads': 103}, 'paced_drained': {'peak_anon_mb': 461.6, 'end_anon_mb': 461.6, 'peak_threads': 103}, 'saturated': {'peak_anon_mb': 476.8, 'end_anon_mb': 476.8, 'peak_threads': 103}, 'saturated_posted': {'peak_anon_mb': 476.8, 'end_anon_mb': 476.8, 'peak_threads': 103}, 'saturated_drained': {'peak_anon_mb': 476.8, 'end_anon_mb': 476.8, 'peak_threads': 103}, 'done': {'peak_anon_mb': 476.8, 'end_anon_mb': 470.1, 'peak_threads': 103}}
[00:11:02] host-direct rep 3: starting (load 20.00 13.86 13.79)
[00:11:11] host-direct rep 3: up c=1 25403.6 rps p50 0.038 p99 0.049 cpu ms/req {'campfire': 0.0294, 'loadgen': 0.0096} statuses {'200': 127020} err 0
[00:11:16] host-direct rep 3: up c=16 111374.4 rps p50 0.144 p99 0.237 cpu ms/req {'campfire': 0.0338, 'loadgen': 0.0091} statuses {'200': 556904} err 0
[00:11:21] host-direct rep 3: up c=64 108168.4 rps p50 0.588 p99 1.084 cpu ms/req {'campfire': 0.0347, 'loadgen': 0.0092} statuses {'200': 540924} err 0
[00:11:27] host-direct rep 3: room_show c=1 226.8 rps p50 4.371 p99 5.299 cpu ms/req {'campfire': 4.3298, 'loadgen': 0.0346} statuses {'200': 1134} err 0
[00:11:32] host-direct rep 3: room_show c=16 869.8 rps p50 18.095 p99 29.775 cpu ms/req {'campfire': 4.326, 'loadgen': 0.0231} statuses {'200': 4362} err 0
[00:11:37] host-direct rep 3: room_show c=64 903.0 rps p50 69.183 p99 120.319 cpu ms/req {'campfire': 4.3054, 'loadgen': 0.0263} statuses {'200': 4571} err 0
[00:11:43] host-direct rep 3: room_show_identity c=1 552.9 rps p50 1.766 p99 2.325 cpu ms/req {'campfire': 1.6854, 'loadgen': 0.1193} statuses {'200': 2765} err 0
[00:11:48] host-direct rep 3: room_show_identity c=16 1891.0 rps p50 8.319 p99 13.591 cpu ms/req {'campfire': 1.835, 'loadgen': 0.0767} statuses {'200': 9466} err 0
[00:11:53] host-direct rep 3: room_show_identity c=64 1938.1 rps p50 32.463 p99 55.679 cpu ms/req {'campfire': 1.8303, 'loadgen': 0.0691} statuses {'200': 9736} err 0
[00:11:59] host-direct rep 3: messages_page c=1 295.9 rps p50 3.285 p99 4.263 cpu ms/req {'campfire': 3.3176, 'loadgen': 0.0346} statuses {'200': 1480} err 0
[00:12:04] host-direct rep 3: messages_page c=16 1071.6 rps p50 14.695 p99 23.535 cpu ms/req {'campfire': 3.3978, 'loadgen': 0.0232} statuses {'200': 5374} err 0
[00:12:09] host-direct rep 3: messages_page c=64 1084.1 rps p50 57.503 p99 95.935 cpu ms/req {'campfire': 3.5123, 'loadgen': 0.034} statuses {'200': 5475} err 0
[00:12:15] host-direct rep 3: sidebar c=1 1204.4 rps p50 0.813 p99 1.163 cpu ms/req {'campfire': 0.8003, 'loadgen': 0.0202} statuses {'200': 6023} err 0
[00:12:20] host-direct rep 3: sidebar c=16 4623.8 rps p50 3.285 p99 7.099 cpu ms/req {'campfire': 0.7337, 'loadgen': 0.0181} statuses {'200': 23144} err 0
[00:12:25] host-direct rep 3: sidebar c=64 3994.4 rps p50 15.655 p99 27.903 cpu ms/req {'campfire': 0.8884, 'loadgen': 0.0356} statuses {'200': 20025} err 0
[00:12:31] host-direct rep 3: post_message c=1 1006.5 rps p50 0.759 p99 11.823 cpu ms/req {'campfire': 0.8842, 'loadgen': 0.0223} statuses {'200': 5033} err 0
[00:12:36] host-direct rep 3: post_message c=16 2082.3 rps p50 4.615 p99 22.271 cpu ms/req {'campfire': 0.903, 'loadgen': 0.0203} statuses {'200': 10421} err 0
[00:12:41] host-direct rep 3: post_message c=64 2092.1 rps p50 28.751 p99 65.023 cpu ms/req {'campfire': 0.9063, 'loadgen': 0.0242} statuses {'200': 10537} err 0
[00:13:05] host-direct rep 3: cable 1000 ready 1000 tput 78.1 msg/s all p50 17.039 cpu us/delivery {'campfire': 43.49, 'loadgen': 28.69} mem {'before': {'peak_anon_mb': 328.1}, 'connect': {'peak_anon_mb': 393.4, 'end_anon_mb': 393.4, 'peak_threads': 129}, 'connected': {'peak_anon_mb': 474.6, 'end_anon_mb': 474.6, 'peak_threads': 129}, 'paced': {'peak_anon_mb': 492.2, 'end_anon_mb': 492.2, 'peak_threads': 129}, 'paced_drained': {'peak_anon_mb': 492.2, 'end_anon_mb': 492.2, 'peak_threads': 129}, 'saturated': {'peak_anon_mb': 507.4, 'end_anon_mb': 507.4, 'peak_threads': 129}, 'saturated_posted': {'peak_anon_mb': 507.4, 'end_anon_mb': 507.4, 'peak_threads': 129}, 'saturated_drained': {'peak_anon_mb': 507.5, 'end_anon_mb': 507.5, 'peak_threads': 129}, 'done': {'peak_anon_mb': 507.5, 'end_anon_mb': 501.4, 'peak_threads': 129}}
```
date: 2026-09-26T23:48:20+0200
host: 7.2.5-4-omarchy, 32 threads
server cpus: 8-11; loadgen cpus: 12-15
image: campfire-rust:perf-a654b08 sha256:82a2c82b7f7ff1d371c701e3d9f81b894f76c1120231f421a817d183748a54c3
env: WEB_CONCURRENCY=3 RAILS_MAX_THREADS=5 JOB_CONCURRENCY=3
routes: up,room_show,room_show_identity,messages_page,sidebar,post_message; concs: 1,16,64; secs: 5; cable: 1000
```

Reps per configuration: proxy-thruster 3, proxy-direct 3, host-thruster 3, host-direct 3. Cells: median [min–max]; (×) is the gain over proxy-thruster (>1 is better).
Host load (1-min loadavg at start of each run): proxy-thruster 17.50/18.35/8.44, proxy-direct 20.54/20.97/9.28, host-thruster 18.44/15.08/12.03, host-direct 16.16/9.05/20.00

### HTTP up

| Metric | proxy-thruster | proxy-direct | host-thruster | host-direct |
|---|---|---|---|---|
| c=1 req/s | 7,285 [5,973–7,700] | 16,501 [16,137–19,800] (2.27×) | 10,586 [8,611–11,560] (1.45×) | 24,914 [18,303–25,404] (3.42×) |
| c=1 p50 ms | 0.11 [0.097–0.15] | 0.053 [0.046–0.054] (2.06×) | 0.085 [0.078–0.10] (1.28×) | 0.039 [0.038–0.046] (2.79×) |
| c=1 p99 ms | 0.36 [0.31–0.38] | 0.14 [0.13–0.14] (2.61×) | 0.18 [0.17–0.24] (1.99×) | 0.049 [0.046–0.12] (7.45×) |
| c=16 req/s | 18,485 [15,353–21,334] | 91,027 [87,641–91,954] (4.92×) | 20,379 [18,814–22,375] (1.10×) | 111,374 [98,734–122,227] (6.03×) |
| c=16 p50 ms | 0.75 [0.70–0.94] | 0.18 [0.17–0.18] (4.27×) | 0.73 [0.67–0.78] (1.03×) | 0.14 [0.13–0.16] (5.22×) |
| c=16 p99 ms | 2.16 [1.84–2.90] | 0.35 [0.30–0.37] (6.20×) | 1.94 [1.78–2.27] (1.11×) | 0.24 [0.21–0.30] (9.11×) |
| c=64 req/s | 19,589 [9,190–21,651] | 90,001 [89,522–93,744] (4.59×) | 19,698 [15,846–21,256] (1.01×) | 108,168 [107,022–121,709] (5.52×) |
| c=64 p50 ms | 2.93 [2.65–5.85] | 0.68 [0.67–0.69] (4.34×) | 2.93 [2.70–3.58] (1.00×) | 0.59 [0.52–0.59] (4.98×) |
| c=64 p99 ms | 9.07 [7.97–23.5] | 1.59 [1.29–1.64] (5.69×) | 8.94 [8.15–11.4] (1.02×) | 1.08 [0.95–1.12] (8.37×) |
| c=1 campfire CPU ms/req | 0.052 [0.049–0.063] | 0.036 [0.032–0.038] (1.44×) | 0.040 [0.037–0.049] (1.31×) | 0.031 [0.029–0.040] (1.71×) |
| c=1 thrust CPU ms/req | 0.079 [0.076–0.098] | – | 0.058 [0.052–0.072] | – |
| c=1 docker-proxy CPU ms/req | 0.017 [0.016–0.019] | 0.009 [0.008–0.010] | – | – |
| c=1 loadgen cores busy | 0.10 [0.090–0.10] | 0.20 [0.20–0.21] | 0.10 [0.090–0.10] | 0.24 [0.23–0.25] |
| c=1 campfire cores busy | 0.38 [0.37–0.38] | 0.61 [0.60–0.64] | 0.42 [0.42–0.43] | 0.75 [0.72–0.76] |
| c=16 campfire CPU ms/req | 0.055 [0.053–0.067] | 0.041 [0.041–0.042] (1.35×) | 0.053 [0.049–0.056] (1.04×) | 0.034 [0.031–0.038] (1.63×) |
| c=16 thrust CPU ms/req | 0.096 [0.091–0.12] | – | 0.094 [0.086–0.100] | – |
| c=16 docker-proxy CPU ms/req | 0.016 [0.015–0.022] | 0.010 [0.010–0.011] | – | – |
| c=16 loadgen cores busy | 0.22 [0.22–0.25] | 0.97 [0.97–0.97] | 0.22 [0.22–0.22] | 1.03 [1.01–1.03] |
| c=16 campfire cores busy | 1.03 [1.02–1.13] | 3.72 [3.69–3.73] | 1.08 [1.05–1.10] | 3.76 [3.73–3.78] |
| c=64 campfire CPU ms/req | 0.052 [0.049–0.087] | 0.041 [0.040–0.041] (1.29×) | 0.051 [0.048–0.062] (1.02×) | 0.035 [0.031–0.035] (1.50×) |
| c=64 thrust CPU ms/req | 0.11 [0.10–0.20] | – | 0.11 [0.100–0.13] | – |
| c=64 docker-proxy CPU ms/req | 0.017 [0.016–0.037] | 0.011 [0.010–0.011] | – | – |
| c=64 loadgen cores busy | 0.25 [0.24–0.25] | 0.99 [0.94–1.05] | 0.24 [0.23–0.24] | 1.04 [1.00–1.04] |
| c=64 campfire cores busy | 1.02 [0.80–1.06] | 3.71 [3.66–3.72] | 1.01 [0.98–1.02] | 3.75 [3.72–3.78] |
| avg response bytes | 103 [103–103] | 103 [103–103] | 103 [103–103] | 103 [103–103] |

### HTTP room_show

| Metric | proxy-thruster | proxy-direct | host-thruster | host-direct |
|---|---|---|---|---|
| c=1 req/s | 190 [101–210] | 214 [189–232] (1.13×) | 208 [205–214] (1.10×) | 212 [200–227] (1.12×) |
| c=1 p50 ms | 5.10 [4.69–9.62] | 4.59 [4.23–5.02] (1.11×) | 4.75 [4.59–4.76] (1.07×) | 4.71 [4.37–4.79] (1.08×) |
| c=1 p99 ms | 7.35 [6.27–14.0] | 6.16 [5.22–7.40] (1.19×) | 5.92 [5.53–6.14] (1.24×) | 5.48 [5.30–6.87] (1.34×) |
| c=16 req/s | 726 [545–834] | 855 [784–917] (1.18×) | 742 [695–877] (1.02×) | 870 [756–894] (1.20×) |
| c=16 p50 ms | 21.6 [18.9–28.6] | 18.4 [17.2–19.9] (1.18×) | 21.2 [18.0–22.4] (1.02×) | 18.1 [17.6–20.8] (1.20×) |
| c=16 p99 ms | 38.1 [31.6–50.9] | 31.6 [28.8–34.8] (1.21×) | 35.6 [30.8–38.4] (1.07×) | 29.8 [29.2–36.3] (1.28×) |
| c=64 req/s | 769 [743–873] | 843 [732–915] (1.10×) | 775 [746–884] (1.01×) | 903 [870–928] (1.17×) |
| c=64 p50 ms | 81.3 [71.7–83.8] | 74.2 [68.4–84.1] (1.10×) | 80.4 [70.7–83.6] (1.01×) | 69.2 [67.4–71.7] (1.18×) |
| c=64 p99 ms | 139 [125–150] | 132 [121–155] (1.05×) | 140 [124–148] (0.99×) | 120 [119–123] (1.16×) |
| c=1 campfire CPU ms/req | 4.97 [4.50–8.37] | 4.57 [4.23–5.14] (1.09×) | 4.59 [4.43–4.63] (1.08×) | 4.63 [4.33–4.90] (1.07×) |
| c=1 thrust CPU ms/req | 0.28 [0.26–0.73] | – | 0.25 [0.23–0.25] | – |
| c=1 docker-proxy CPU ms/req | 0.063 [0.048–0.16] | 0.028 [0.026–0.032] | – | – |
| c=1 loadgen cores busy | 0.020 [0.010–0.020] | 0.010 [0.010–0.010] | 0.010 [0.010–0.010] | 0.010 [0.010–0.010] |
| c=1 campfire cores busy | 0.94 [0.85–0.95] | 0.98 [0.97–0.98] | 0.95 [0.95–0.95] | 0.98 [0.98–0.98] |
| c=16 campfire CPU ms/req | 4.81 [4.29–6.27] | 4.34 [4.06–4.71] (1.11×) | 4.78 [4.12–5.03] (1.01×) | 4.33 [4.19–4.89] (1.11×) |
| c=16 thrust CPU ms/req | 0.34 [0.25–0.47] | – | 0.30 [0.24–0.34] | – |
| c=16 docker-proxy CPU ms/req | 0.052 [0.036–0.088] | 0.021 [0.013–0.028] | – | – |
| c=16 loadgen cores busy | 0.040 [0.030–0.060] | 0.020 [0.020–0.030] | 0.040 [0.030–0.040] | 0.030 [0.020–0.030] |
| c=16 campfire cores busy | 3.49 [3.42–3.59] | 3.71 [3.69–3.72] | 3.55 [3.49–3.61] | 3.75 [3.70–3.76] |
| c=64 campfire CPU ms/req | 4.75 [4.23–4.93] | 4.54 [4.20–5.19] (1.05×) | 4.73 [4.18–4.91] (1.00×) | 4.31 [4.19–4.42] (1.10×) |
| c=64 thrust CPU ms/req | 0.25 [0.20–0.26] | – | 0.25 [0.20–0.27] | – |
| c=64 docker-proxy CPU ms/req | 0.054 [0.041–0.056] | 0.026 [0.024–0.035] | – | – |
| c=64 loadgen cores busy | 0.040 [0.030–0.050] | 0.030 [0.030–0.040] | 0.040 [0.030–0.040] | 0.020 [0.020–0.030] |
| c=64 campfire cores busy | 3.66 [3.66–3.69] | 3.83 [3.80–3.84] | 3.67 [3.67–3.70] | 3.89 [3.85–3.89] |
| avg response bytes | 44,259 [44,240–44,275] | 44,262 [44,261–44,280] | 44,272 [44,266–44,283] | 44,265 [44,249–44,300] |

### HTTP room_show_identity

| Metric | proxy-thruster | proxy-direct | host-thruster | host-direct |
|---|---|---|---|---|
| c=1 req/s | 392 [272–405] | 468 [433–516] (1.20×) | 383 [367–497] (0.98×) | 553 [393–573] (1.41×) |
| c=1 p50 ms | 2.39 [2.23–2.88] | 2.06 [1.89–2.16] (1.16×) | 2.57 [1.99–2.57] (0.93×) | 1.77 [1.69–2.37] (1.35×) |
| c=1 p99 ms | 4.70 [4.58–14.0] | 3.15 [2.48–4.16] (1.49×) | 3.33 [2.31–4.42] (1.41×) | 2.33 [2.29–4.16] (2.02×) |
| c=16 req/s | 814 [476–1,181] | 1,824 [1,748–1,909] (2.24×) | 1,162 [999–1,402] (1.43×) | 1,891 [1,315–1,990] (2.32×) |
| c=16 p50 ms | 18.5 [12.7–29.7] | 8.57 [8.21–8.86] (2.16×) | 13.4 [11.2–15.6] (1.38×) | 8.32 [7.92–11.9] (2.22×) |
| c=16 p99 ms | 42.8 [29.8–87.3] | 14.5 [13.6–16.0] (2.94×) | 26.2 [20.3–29.6] (1.63×) | 13.6 [12.7–20.8] (3.15×) |
| c=64 req/s | 936 [758–1,134] | 1,801 [1,341–1,966] (1.92×) | 1,221 [1,189–1,454] (1.30×) | 1,938 [1,679–2,003] (2.07×) |
| c=64 p50 ms | 65.1 [52.7–76.6] | 34.6 [32.0–46.3] (1.88×) | 50.9 [43.2–52.3] (1.28×) | 32.5 [31.3–37.3] (2.00×) |
| c=64 p99 ms | 139 [118–191] | 61.5 [53.9–85.6] (2.25×) | 94.4 [76.6–98.3] (1.47×) | 55.7 [53.8–65.9] (2.49×) |
| c=1 campfire CPU ms/req | 2.08 [2.02–2.58] | 1.96 [1.78–2.09] (1.06×) | 2.16 [1.71–2.17] (0.96×) | 1.69 [1.66–2.32] (1.23×) |
| c=1 thrust CPU ms/req | 0.67 [0.64–1.14] | – | 0.63 [0.46–0.81] | – |
| c=1 docker-proxy CPU ms/req | 0.089 [0.087–0.13] | 0.047 [0.046–0.051] | – | – |
| c=1 loadgen cores busy | 0.050 [0.050–0.060] | 0.080 [0.080–0.080] | 0.050 [0.040–0.050] | 0.070 [0.040–0.080] |
| c=1 campfire cores busy | 0.81 [0.70–0.82] | 0.92 [0.91–0.92] | 0.83 [0.79–0.85] | 0.93 [0.91–0.95] |
| c=16 campfire CPU ms/req | 2.91 [2.16–3.76] | 1.89 [1.81–1.96] (1.54×) | 2.17 [1.82–2.45] (1.34×) | 1.83 [1.75–2.55] (1.59×) |
| c=16 thrust CPU ms/req | 1.12 [0.77–1.67] | – | 0.80 [0.66–0.99] | – |
| c=16 docker-proxy CPU ms/req | 0.16 [0.093–0.21] | 0.043 [0.041–0.047] | – | – |
| c=16 loadgen cores busy | 0.17 [0.16–0.19] | 0.17 [0.16–0.17] | 0.17 [0.16–0.22] | 0.16 [0.14–0.18] |
| c=16 campfire cores busy | 2.37 [1.79–2.55] | 3.45 [3.43–3.45] | 2.52 [2.45–2.55] | 3.47 [3.35–3.49] |
| c=64 campfire CPU ms/req | 2.76 [2.34–3.11] | 1.93 [1.79–2.53] (1.43×) | 2.15 [1.84–2.21] (1.28×) | 1.83 [1.78–2.09] (1.51×) |
| c=64 thrust CPU ms/req | 1.03 [0.82–1.17] | – | 0.79 [0.64–0.81] | – |
| c=64 docker-proxy CPU ms/req | 0.15 [0.11–0.17] | 0.048 [0.043–0.068] | – | – |
| c=64 loadgen cores busy | 0.19 [0.16–0.20] | 0.16 [0.15–0.17] | 0.16 [0.15–0.16] | 0.15 [0.13–0.15] |
| c=64 campfire cores busy | 2.58 [2.36–2.66] | 3.47 [3.39–3.53] | 2.63 [2.63–2.68] | 3.55 [3.50–3.57] |
| avg response bytes | 463,818 [463,818–463,818] | 463,818 [463,818–463,818] | 463,818 [463,818–463,818] | 463,818 [463,818–463,818] |

### HTTP messages_page

| Metric | proxy-thruster | proxy-direct | host-thruster | host-direct |
|---|---|---|---|---|
| c=1 req/s | 231 [215–270] | 266 [235–296] (1.15×) | 269 [242–283] (1.16×) | 279 [232–296] (1.21×) |
| c=1 p50 ms | 4.14 [3.65–4.41] | 3.68 [3.26–4.07] (1.13×) | 3.67 [3.44–3.95] (1.13×) | 3.57 [3.29–4.06] (1.16×) |
| c=1 p99 ms | 6.04 [4.52–7.08] | 4.89 [4.36–7.03] (1.23×) | 4.67 [4.54–6.17] (1.29×) | 4.34 [4.26–6.31] (1.39×) |
| c=16 req/s | 851 [768–1,036] | 1,059 [658–1,145] (1.24×) | 1,003 [871–1,072] (1.18×) | 1,072 [799–1,125] (1.26×) |
| c=16 p50 ms | 18.4 [15.2–20.2] | 14.9 [13.7–23.8] (1.24×) | 15.7 [14.7–17.8] (1.17×) | 14.7 [14.0–19.6] (1.25×) |
| c=16 p99 ms | 30.7 [25.2–34.7] | 24.4 [22.5–39.2] (1.26×) | 25.1 [23.5–32.2] (1.22×) | 23.5 [22.5–33.4] (1.31×) |
| c=64 req/s | 892 [858–1,114] | 1,141 [659–1,200] (1.28×) | 1,019 [855–1,127] (1.14×) | 1,084 [945–1,186] (1.22×) |
| c=64 p50 ms | 70.3 [56.2–73.2] | 55.2 [52.4–94.0] (1.27×) | 61.7 [55.8–71.0] (1.14×) | 57.5 [53.0–66.1] (1.22×) |
| c=64 p99 ms | 114 [92.7–121] | 89.4 [86.8–161] (1.28×) | 103 [90.3–141] (1.11×) | 95.9 [86.5–113] (1.19×) |
| c=1 campfire CPU ms/req | 4.00 [3.51–4.26] | 3.67 [3.27–4.07] (1.09×) | 3.49 [3.30–3.87] (1.14×) | 3.52 [3.32–4.17] (1.14×) |
| c=1 thrust CPU ms/req | 0.32 [0.21–0.39] | – | 0.25 [0.23–0.28] | – |
| c=1 docker-proxy CPU ms/req | 0.052 [0.037–0.056] | 0.027 [0.022–0.034] | – | – |
| c=1 loadgen cores busy | 0.020 [0.010–0.020] | 0.010 [0.010–0.020] | 0.010 [0.010–0.020] | 0.010 [0.010–0.010] |
| c=1 campfire cores busy | 0.92 [0.92–0.95] | 0.97 [0.96–0.98] | 0.94 [0.93–0.94] | 0.98 [0.97–0.98] |
| c=16 campfire CPU ms/req | 3.90 [3.32–4.37] | 3.39 [3.14–5.32] (1.15×) | 3.43 [3.20–3.84] (1.14×) | 3.40 [3.23–4.48] (1.15×) |
| c=16 thrust CPU ms/req | 0.35 [0.26–0.41] | – | 0.28 [0.26–0.32] | – |
| c=16 docker-proxy CPU ms/req | 0.047 [0.031–0.060] | 0.019 [0.016–0.058] | – | – |
| c=16 loadgen cores busy | 0.040 [0.030–0.050] | 0.030 [0.020–0.050] | 0.030 [0.030–0.040] | 0.020 [0.020–0.040] |
| c=16 campfire cores busy | 3.35 [3.32–3.44] | 3.59 [3.50–3.59] | 3.43 [3.34–3.44] | 3.63 [3.58–3.64] |
| c=64 campfire CPU ms/req | 4.02 [3.23–4.17] | 3.34 [3.14–5.57] (1.21×) | 3.52 [3.19–4.13] (1.14×) | 3.51 [3.20–4.04] (1.14×) |
| c=64 thrust CPU ms/req | 0.27 [0.19–0.29] | – | 0.25 [0.20–0.28] | – |
| c=64 docker-proxy CPU ms/req | 0.053 [0.032–0.055] | 0.022 [0.018–0.063] | – | – |
| c=64 loadgen cores busy | 0.050 [0.040–0.060] | 0.030 [0.020–0.060] | 0.040 [0.040–0.050] | 0.040 [0.020–0.040] |
| c=64 campfire cores busy | 3.59 [3.58–3.60] | 3.77 [3.67–3.81] | 3.59 [3.54–3.59] | 3.81 [3.80–3.81] |
| avg response bytes | 34,658 [34,634–34,659] | 34,633 [34,628–34,644] | 34,638 [34,618–34,663] | 34,638 [34,623–34,659] |

### HTTP sidebar

| Metric | proxy-thruster | proxy-direct | host-thruster | host-direct |
|---|---|---|---|---|
| c=1 req/s | 951 [802–1,296] | 1,200 [1,056–1,714] (1.26×) | 1,147 [995–1,318] (1.21×) | 1,264 [1,204–1,666] (1.33×) |
| c=1 p50 ms | 1.01 [0.77–1.19] | 0.80 [0.57–0.88] (1.27×) | 0.87 [0.76–0.95] (1.16×) | 0.78 [0.59–0.81] (1.30×) |
| c=1 p99 ms | 1.68 [0.90–2.30] | 1.38 [0.73–1.78] (1.22×) | 1.08 [0.90–1.58] (1.56×) | 1.13 [0.76–1.16] (1.48×) |
| c=16 req/s | 3,671 [3,329–4,553] | 5,398 [4,856–6,160] (1.47×) | 4,250 [3,594–4,571] (1.16×) | 4,624 [4,024–6,015] (1.26×) |
| c=16 p50 ms | 4.21 [3.41–4.61] | 2.87 [2.55–3.19] (1.46×) | 3.64 [3.39–4.28] (1.16×) | 3.29 [2.61–3.84] (1.28×) |
| c=16 p99 ms | 8.06 [6.47–9.34] | 5.33 [4.47–5.93] (1.51×) | 6.97 [6.51–8.70] (1.16×) | 7.10 [4.57–7.49] (1.14×) |
| c=64 req/s | 3,422 [3,341–4,746] | 5,842 [4,650–6,346] (1.71×) | 4,391 [4,173–4,716] (1.28×) | 4,431 [3,994–6,200] (1.29×) |
| c=64 p50 ms | 18.2 [13.3–18.4] | 10.8 [9.97–13.4] (1.69×) | 14.4 [13.3–14.9] (1.27×) | 14.1 [10.2–15.7] (1.29×) |
| c=64 p99 ms | 33.7 [23.1–37.2] | 18.4 [17.0–25.0] (1.84×) | 24.7 [23.1–27.0] (1.37×) | 25.6 [17.3–27.9] (1.32×) |
| c=1 campfire CPU ms/req | 0.87 [0.66–1.01] | 0.78 [0.56–0.88] (1.11×) | 0.75 [0.65–0.85] (1.17×) | 0.76 [0.59–0.80] (1.14×) |
| c=1 thrust CPU ms/req | 0.17 [0.12–0.21] | – | 0.15 [0.13–0.17] | – |
| c=1 docker-proxy CPU ms/req | 0.034 [0.022–0.042] | 0.017 [0.009–0.021] | – | – |
| c=1 loadgen cores busy | 0.030 [0.020–0.040] | 0.020 [0.020–0.030] | 0.020 [0.020–0.030] | 0.020 [0.020–0.020] |
| c=1 campfire cores busy | 0.83 [0.81–0.85] | 0.94 [0.93–0.96] | 0.86 [0.85–0.86] | 0.97 [0.96–0.98] |
| c=16 campfire CPU ms/req | 0.79 [0.65–0.88] | 0.66 [0.60–0.72] (1.19×) | 0.70 [0.65–0.80] (1.13×) | 0.73 [0.61–0.86] (1.08×) |
| c=16 thrust CPU ms/req | 0.18 [0.13–0.20] | – | 0.15 [0.14–0.18] | – |
| c=16 docker-proxy CPU ms/req | 0.032 [0.024–0.040] | 0.012 [0.010–0.014] | – | – |
| c=16 loadgen cores busy | 0.10 [0.080–0.11] | 0.070 [0.070–0.080] | 0.080 [0.080–0.10] | 0.080 [0.060–0.10] |
| c=16 campfire cores busy | 2.93 [2.90–2.96] | 3.59 [3.51–3.70] | 2.97 [2.88–2.97] | 3.45 [3.39–3.66] |
| c=64 campfire CPU ms/req | 0.87 [0.64–0.88] | 0.63 [0.60–0.78] (1.37×) | 0.69 [0.64–0.72] (1.25×) | 0.84 [0.61–0.89] (1.03×) |
| c=64 thrust CPU ms/req | 0.20 [0.13–0.21] | – | 0.15 [0.14–0.16] | – |
| c=64 docker-proxy CPU ms/req | 0.042 [0.024–0.044] | 0.014 [0.010–0.022] | – | – |
| c=64 loadgen cores busy | 0.13 [0.090–0.13] | 0.080 [0.070–0.12] | 0.090 [0.090–0.10] | 0.12 [0.070–0.14] |
| c=64 campfire cores busy | 2.96 [2.93–3.04] | 3.69 [3.64–3.78] | 3.04 [2.99–3.05] | 3.71 [3.55–3.77] |
| avg response bytes | 6,277 [6,277–6,277] | 6,277 [6,277–6,277] | 6,277 [6,277–6,277] | 6,277 [6,277–6,277] |

### HTTP post_message

| Metric | proxy-thruster | proxy-direct | host-thruster | host-direct |
|---|---|---|---|---|
| c=1 req/s | 750 [557–994] | 932 [803–1,233] (1.24×) | 899 [774–963] (1.20×) | 969 [843–1,006] (1.29×) |
| c=1 p50 ms | 1.07 [0.83–1.45] | 0.83 [0.64–0.96] (1.29×) | 0.91 [0.80–1.05] (1.18×) | 0.76 [0.70–0.79] (1.41×) |
| c=1 p99 ms | 13.1 [11.7–14.4] | 12.4 [11.4–13.3] (1.05×) | 12.2 [11.9–12.9] (1.08×) | 12.5 [11.8–12.6] (1.04×) |
| c=16 req/s | 1,832 [1,521–2,117] | 1,869 [1,832–2,374] (1.02×) | 1,767 [1,616–2,064] (0.96×) | 1,738 [1,417–2,082] (0.95×) |
| c=16 p50 ms | 5.36 [4.75–6.79] | 4.84 [3.81–5.10] (1.11×) | 5.47 [4.76–6.21] (0.98×) | 4.66 [4.62–7.87] (1.15×) |
| c=16 p99 ms | 30.7 [20.7–38.2] | 29.8 [22.4–34.4] (1.03×) | 31.1 [21.4–36.5] (0.99×) | 35.0 [22.3–40.9] (0.88×) |
| c=64 req/s | 1,769 [1,644–2,153] | 1,927 [1,800–2,381] (1.09×) | 2,013 [1,875–2,173] (1.14×) | 1,967 [1,703–2,092] (1.11×) |
| c=64 p50 ms | 35.0 [29.4–37.6] | 32.4 [26.5–34.8] (1.08×) | 30.8 [29.1–33.3] (1.14×) | 30.1 [28.8–36.1] (1.17×) |
| c=64 p99 ms | 65.9 [50.4–72.1] | 59.5 [45.4–63.7] (1.11×) | 59.6 [50.4–59.7] (1.11×) | 65.0 [62.6–67.6] (1.01×) |
| c=1 campfire CPU ms/req | 1.07 [0.82–1.42] | 0.94 [0.72–1.07] (1.14×) | 0.91 [0.85–1.07] (1.18×) | 0.92 [0.88–1.01] (1.17×) |
| c=1 thrust CPU ms/req | 0.19 [0.14–0.25] | – | 0.16 [0.15–0.19] | – |
| c=1 docker-proxy CPU ms/req | 0.027 [0.018–0.047] | 0.017 [0.011–0.020] | – | – |
| c=1 loadgen cores busy | 0.020 [0.010–0.040] | 0.030 [0.020–0.030] | 0.020 [0.010–0.020] | 0.020 [0.020–0.030] |
| c=1 campfire cores busy | 0.81 [0.79–0.82] | 0.88 [0.86–0.89] | 0.82 [0.82–0.83] | 0.89 [0.85–0.89] |
| c=16 campfire CPU ms/req | 0.93 [0.84–1.16] | 0.92 [0.77–0.98] (1.01×) | 0.93 [0.84–1.09] (1.00×) | 0.90 [0.89–1.35] (1.03×) |
| c=16 thrust CPU ms/req | 0.17 [0.15–0.21] | – | 0.17 [0.15–0.20] | – |
| c=16 docker-proxy CPU ms/req | 0.024 [0.018–0.035] | 0.021 [0.013–0.021] | – | – |
| c=16 loadgen cores busy | 0.040 [0.040–0.070] | 0.050 [0.040–0.050] | 0.040 [0.040–0.050] | 0.040 [0.040–0.080] |
| c=16 campfire cores busy | 1.77 [1.70–1.78] | 1.82 [1.68–1.83] | 1.74 [1.64–1.77] | 1.88 [1.56–1.91] |
| c=64 campfire CPU ms/req | 0.97 [0.84–1.11] | 1.01 [0.78–1.02] (0.97×) | 0.90 [0.83–0.98] (1.08×) | 1.00 [0.91–1.06] (0.98×) |
| c=64 thrust CPU ms/req | 0.20 [0.16–0.23] | – | 0.18 [0.16–0.20] | – |
| c=64 docker-proxy CPU ms/req | 0.030 [0.023–0.037] | 0.028 [0.018–0.029] | – | – |
| c=64 loadgen cores busy | 0.060 [0.050–0.070] | 0.060 [0.050–0.070] | 0.050 [0.050–0.060] | 0.060 [0.050–0.070] |
| c=64 campfire cores busy | 1.80 [1.72–1.83] | 1.85 [1.83–1.94] | 1.82 [1.79–1.84] | 1.89 [1.80–1.96] |
| avg response bytes | 2,005 [2,004–2,005] | 2,004 [2,003–2,005] | 2,005 [2,003–2,005] | 2,005 [2,004–2,005] |

### Action Cable, 1000 clients

| Metric | proxy-thruster | proxy-direct | host-thruster | host-direct |
|---|---|---|---|---|
| subscribed | 1,000 [1,000–1,000] | 1,000 [1,000–1,000] | 1,000 [1,000–1,000] | 1,000 [1,000–1,000] |
| paced post→all p50 ms | 27.0 [23.0–33.7] | 20.0 [19.2–28.2] (1.35×) | 26.7 [22.7–33.5] (1.01×) | 17.6 [17.0–18.1] (1.54×) |
| paced post→all p99 ms | 34.1 [33.9–67.3] | 33.5 [32.1–41.4] (1.02×) | 58.3 [33.5–66.2] (0.58×) | 30.6 [22.9–38.2] (1.11×) |
| paced POST p50 ms | 30.1 [25.4–36.0] | 27.5 [26.6–37.9] (1.10×) | 28.9 [24.9–43.5] (1.04×) | 23.3 [23.0–24.8] (1.30×) |
| max sustained msgs/s (to all) | 51.3 [48.6–68.7] | 60.4 [60.2–75.7] (1.18×) | 65.8 [61.0–76.6] (1.28×) | 78.1 [55.3–91.8] (1.52×) |
| deliveries/s | 51,344 [48,561–68,717] | 60,376 [60,187–75,737] (1.18×) | 65,820 [61,022–76,645] (1.28×) | 78,125 [55,321–91,811] (1.52×) |
| saturated post→all p50 ms | 64.6 [49.3–71.6] | 51.4 [44.4–52.9] (1.26×) | 52.5 [45.2–56.0] (1.23×) | 43.0 [35.8–59.0] (1.50×) |
| campfire CPU µs/delivery | 44.4 [33.5–49.8] | 49.4 [44.1–59.0] (0.90×) | 35.4 [31.1–37.9] (1.26×) | 43.5 [37.0–63.7] (1.02×) |
| thrust CPU µs/delivery | 17.3 [14.1–18.7] | – | 15.3 [12.6–15.5] | – |
| docker-proxy CPU µs/delivery | 23.6 [18.7–27.5] | 26.2 [22.5–28.4] | – | – |
| loadgen CPU µs/delivery | 30.1 [24.1–34.1] | 32.3 [29.0–37.7] | 22.8 [21.1–24.8] | 28.7 [24.5–40.5] |
| RssAnon peak MB: before | 287 [248–333] | 304 [295–367] | 295 [289–333] | 290 [289–328] |
| RssAnon peak MB: connected | 435 [396–481] | 450 [441–514] | 443 [436–481] | 437 [436–475] |
| RssAnon peak MB: paced | 453 [415–499] | 469 [462–534] | 462 [455–499] | 456 [454–492] |
| RssAnon peak MB: saturated | 472 [427–516] | 482 [474–552] | 477 [467–519] | 474 [466–507] |
| RssAnon peak MB: saturated_posted | 464 [427–516] | 482 [474–552] | 477 [467–519] | 474 [466–507] |
| RssAnon peak MB: saturated_drained | 464 [427–516] | 482 [474–552] | 477 [467–519] | 474 [466–508] |
| thrust RssAnon peak MB (saturated) | – | – | – | – |
| container memory.current peak MB (saturated) | – | – | – | – |
| peak threads | 112 [102–112] | 114 [99.0–121] | 118 [103–118] | 129 [112–130] |

done
