04:46:24 reference rep 1 start:  04:46:24 up 9 days, 13:00,  4 users,  load average: 2.43, 3.50, 6.01
04:51:55 reference rep 1 end:    04:51:55 up 9 days, 13:05,  4 users,  load average: 3.00, 3.27, 5.12
04:51:55 rust rep 1 start:  04:51:55 up 9 days, 13:05,  4 users,  load average: 3.00, 3.27, 5.12
04:57:39 rust rep 1 end:    04:57:39 up 9 days, 13:11,  4 users,  load average: 5.12, 4.12, 4.86
04:57:39 rust-identity rep 1 start:  04:57:39 up 9 days, 13:11,  4 users,  load average: 5.12, 4.12, 4.86
05:02:49 rust-identity rep 1 end:    05:02:49 up 9 days, 13:16,  4 users,  load average: 7.66, 4.69, 4.73
05:02:49 rust-identity rep 2 start:  05:02:49 up 9 days, 13:16,  4 users,  load average: 7.66, 4.69, 4.73
05:08:09 rust-identity rep 2 end:    05:08:09 up 9 days, 13:22,  4 users,  load average: 6.54, 5.27, 4.83
05:08:09 rust rep 2 start:  05:08:09 up 9 days, 13:22,  4 users,  load average: 6.54, 5.27, 4.83
05:14:34 rust rep 2 end:    05:14:34 up 9 days, 13:28,  4 users,  load average: 4.95, 4.34, 4.41
05:14:34 reference rep 2 start:  05:14:34 up 9 days, 13:28,  4 users,  load average: 4.95, 4.34, 4.41
05:20:55 reference rep 2 end:    05:20:55 up 9 days, 13:34,  4 users,  load average: 3.71, 3.57, 3.95
05:20:55 reference rep 3 start:  05:20:55 up 9 days, 13:34,  4 users,  load average: 3.71, 3.57, 3.95
05:26:58 reference rep 3 end:    05:26:58 up 9 days, 13:40,  4 users,  load average: 2.79, 3.20, 3.62
05:26:58 rust rep 3 start:  05:26:58 up 9 days, 13:40,  4 users,  load average: 2.79, 3.20, 3.62
05:32:53 rust rep 3 end:    05:32:53 up 9 days, 13:46,  4 users,  load average: 5.94, 4.63, 4.03
05:32:53 rust-identity rep 3 start:  05:32:53 up 9 days, 13:46,  4 users,  load average: 5.94, 4.63, 4.03
05:38:03 rust-identity rep 3 end:    05:38:03 up 9 days, 13:52,  4 users,  load average: 6.96, 5.53, 4.48
05:38:03 rust-identity rep 4 start:  05:38:03 up 9 days, 13:52,  4 users,  load average: 6.96, 5.53, 4.48
05:43:23 rust-identity rep 4 end:    05:43:23 up 9 days, 13:57,  4 users,  load average: 6.16, 5.75, 4.78
05:43:23 rust rep 4 start:  05:43:23 up 9 days, 13:57,  4 users,  load average: 6.16, 5.75, 4.78
05:49:58 rust rep 4 end:    05:49:58 up 9 days, 14:03,  4 users,  load average: 5.18, 4.90, 4.59
05:49:58 reference rep 4 start:  05:49:58 up 9 days, 14:03,  4 users,  load average: 5.18, 4.90, 4.59
05:56:19 reference rep 4 end:    05:56:19 up 9 days, 14:10,  4 users,  load average: 3.59, 3.69, 4.03
05:56:19 reference rep 5 start:  05:56:19 up 9 days, 14:10,  4 users,  load average: 3.59, 3.69, 4.03
06:02:21 reference rep 5 end:    06:02:21 up 9 days, 14:16,  4 users,  load average: 3.18, 3.40, 3.75
06:02:21 rust rep 5 start:  06:02:21 up 9 days, 14:16,  4 users,  load average: 3.18, 3.40, 3.75
06:08:06 rust rep 5 end:    06:08:06 up 9 days, 14:22,  4 users,  load average: 4.71, 4.17, 3.93
06:08:06 rust-identity rep 5 start:  06:08:06 up 9 days, 14:22,  4 users,  load average: 4.71, 4.17, 3.93
06:12:56 rust-identity rep 5 end:    06:12:56 up 9 days, 14:26,  4 users,  load average: 7.84, 5.73, 4.55
